Archive member included to satisfy reference by file (symbol)

/usr/lib/gcc/arm-none-eabi/13.2.1/../../../arm-none-eabi/lib/thumb/v7e-m+fp/hard/libc_nano.a(libc_a-init.o)
                              /usr/lib/gcc/arm-none-eabi/13.2.1/../../../arm-none-eabi/lib/thumb/v7e-m+fp/hard/crt0.o (__libc_init_array)
/usr/lib/gcc/arm-none-eabi/13.2.1/../../../arm-none-eabi/lib/thumb/v7e-m+fp/hard/libc_nano.a(libc_a-memset.o)
                              /usr/lib/gcc/arm-none-eabi/13.2.1/../../../arm-none-eabi/lib/thumb/v7e-m+fp/hard/crt0.o (memset)
/usr/lib/gcc/arm-none-eabi/13.2.1/../../../arm-none-eabi/lib/thumb/v7e-m+fp/hard/libc_nano.a(libc_a-errno.o)
                              CMakeFiles/SPI_DMA.dir/Core/Src/syscalls.c.obj (__errno)
/usr/lib/gcc/arm-none-eabi/13.2.1/../../../arm-none-eabi/lib/thumb/v7e-m+fp/hard/libc_nano.a(libc_a-exit.o)
                              /usr/lib/gcc/arm-none-eabi/13.2.1/../../../arm-none-eabi/lib/thumb/v7e-m+fp/hard/crt0.o (exit)
/usr/lib/gcc/arm-none-eabi/13.2.1/../../../arm-none-eabi/lib/thumb/v7e-m+fp/hard/libc_nano.a(libc_a-atexit.o)
                              /usr/lib/gcc/arm-none-eabi/13.2.1/../../../arm-none-eabi/lib/thumb/v7e-m+fp/hard/crt0.o (atexit)
/usr/lib/gcc/arm-none-eabi/13.2.1/../../../arm-none-eabi/lib/thumb/v7e-m+fp/hard/libc_nano.a(libc_a-fini.o)
                              /usr/lib/gcc/arm-none-eabi/13.2.1/../../../arm-none-eabi/lib/thumb/v7e-m+fp/hard/crt0.o (__libc_fini_array)
/usr/lib/gcc/arm-none-eabi/13.2.1/../../../arm-none-eabi/lib/thumb/v7e-m+fp/hard/libc_nano.a(libc_a-impure.o)
                              /usr/lib/gcc/arm-none-eabi/13.2.1/../../../arm-none-eabi/lib/thumb/v7e-m+fp/hard/libc_nano.a(libc_a-errno.o) (_impure_ptr)
/usr/lib/gcc/arm-none-eabi/13.2.1/../../../arm-none-eabi/lib/thumb/v7e-m+fp/hard/libc_nano.a(libc_a-findfp.o)
                              /usr/lib/gcc/arm-none-eabi/13.2.1/../../../arm-none-eabi/lib/thumb/v7e-m+fp/hard/libc_nano.a(libc_a-exit.o) (__stdio_exit_handler)
/usr/lib/gcc/arm-none-eabi/13.2.1/../../../arm-none-eabi/lib/thumb/v7e-m+fp/hard/libc_nano.a(libc_a-fflush.o)
                              /usr/lib/gcc/arm-none-eabi/13.2.1/../../../arm-none-eabi/lib/thumb/v7e-m+fp/hard/libc_nano.a(libc_a-findfp.o) (_fflush_r)
/usr/lib/gcc/arm-none-eabi/13.2.1/../../../arm-none-eabi/lib/thumb/v7e-m+fp/hard/libc_nano.a(libc_a-mallocr.o)
                              /usr/lib/gcc/arm-none-eabi/13.2.1/../../../arm-none-eabi/lib/thumb/v7e-m+fp/hard/libc_nano.a(libc_a-findfp.o) (_malloc_r)
/usr/lib/gcc/arm-none-eabi/13.2.1/../../../arm-none-eabi/lib/thumb/v7e-m+fp/hard/libc_nano.a(libc_a-freer.o)
                              /usr/lib/gcc/arm-none-eabi/13.2.1/../../../arm-none-eabi/lib/thumb/v7e-m+fp/hard/libc_nano.a(libc_a-fflush.o) (_free_r)
/usr/lib/gcc/arm-none-eabi/13.2.1/../../../arm-none-eabi/lib/thumb/v7e-m+fp/hard/libc_nano.a(libc_a-fwalk.o)
                              /usr/lib/gcc/arm-none-eabi/13.2.1/../../../arm-none-eabi/lib/thumb/v7e-m+fp/hard/libc_nano.a(libc_a-findfp.o) (_fwalk_sglue)
/usr/lib/gcc/arm-none-eabi/13.2.1/../../../arm-none-eabi/lib/thumb/v7e-m+fp/hard/libc_nano.a(libc_a-__atexit.o)
                              /usr/lib/gcc/arm-none-eabi/13.2.1/../../../arm-none-eabi/lib/thumb/v7e-m+fp/hard/libc_nano.a(libc_a-atexit.o) (__register_exitproc)
/usr/lib/gcc/arm-none-eabi/13.2.1/../../../arm-none-eabi/lib/thumb/v7e-m+fp/hard/libc_nano.a(libc_a-mlock.o)
                              /usr/lib/gcc/arm-none-eabi/13.2.1/../../../arm-none-eabi/lib/thumb/v7e-m+fp/hard/libc_nano.a(libc_a-mallocr.o) (__malloc_lock)
/usr/lib/gcc/arm-none-eabi/13.2.1/../../../arm-none-eabi/lib/thumb/v7e-m+fp/hard/libc_nano.a(libc_a-sbrkr.o)
                              /usr/lib/gcc/arm-none-eabi/13.2.1/../../../arm-none-eabi/lib/thumb/v7e-m+fp/hard/libc_nano.a(libc_a-mallocr.o) (_sbrk_r)
/usr/lib/gcc/arm-none-eabi/13.2.1/../../../arm-none-eabi/lib/thumb/v7e-m+fp/hard/libc_nano.a(libc_a-stdio.o)
                              /usr/lib/gcc/arm-none-eabi/13.2.1/../../../arm-none-eabi/lib/thumb/v7e-m+fp/hard/libc_nano.a(libc_a-findfp.o) (__sread)
/usr/lib/gcc/arm-none-eabi/13.2.1/../../../arm-none-eabi/lib/thumb/v7e-m+fp/hard/libc_nano.a(libc_a-closer.o)
                              /usr/lib/gcc/arm-none-eabi/13.2.1/../../../arm-none-eabi/lib/thumb/v7e-m+fp/hard/libc_nano.a(libc_a-stdio.o) (_close_r)
/usr/lib/gcc/arm-none-eabi/13.2.1/../../../arm-none-eabi/lib/thumb/v7e-m+fp/hard/libc_nano.a(libc_a-__call_atexit.o)
                              /usr/lib/gcc/arm-none-eabi/13.2.1/../../../arm-none-eabi/lib/thumb/v7e-m+fp/hard/libc_nano.a(libc_a-__atexit.o) (__call_exitprocs)
/usr/lib/gcc/arm-none-eabi/13.2.1/../../../arm-none-eabi/lib/thumb/v7e-m+fp/hard/libc_nano.a(libc_a-readr.o)
                              /usr/lib/gcc/arm-none-eabi/13.2.1/../../../arm-none-eabi/lib/thumb/v7e-m+fp/hard/libc_nano.a(libc_a-stdio.o) (_read_r)
[...]
Memory Configuration

Name             Origin             Length             Attributes
RAM              0x20000000         0x00020000         xrw
CCMRAM           0x10000000         0x00010000         xrw
FLASH            0x08000000         0x00080000         xr
*default*        0x00000000         0xffffffff

Linker script and memory map

LOAD /usr/lib/gcc/arm-none-eabi/13.2.1/thumb/v7e-m+fp/hard/crti.o
LOAD /usr/lib/gcc/arm-none-eabi/13.2.1/thumb/v7e-m+fp/hard/crtbegin.o
LOAD /usr/lib/gcc/arm-none-eabi/13.2.1/../../../arm-none-eabi/lib/thumb/v7e-m+fp/hard/crt0.o
START GROUP
END GROUP
START GROUP
LOAD /usr/lib/gcc/arm-none-eabi/13.2.1/../../../arm-none-eabi/lib/thumb/v7e-m+fp/hard/libstdc++_nano.a
LOAD /usr/lib/gcc/arm-none-eabi/13.2.1/../../../arm-none-eabi/lib/thumb/v7e-m+fp/hard/libsupc++_nano.a
END GROUP
LOAD CMakeFiles/SPI_DMA.dir/Core/LCD/CCpp.cpp.obj
LOAD CMakeFiles/SPI_DMA.dir/Core/LCD/LCD.cpp.obj
LOAD CMakeFiles/SPI_DMA.dir/Core/Own/IT.cpp.obj
LOAD CMakeFiles/SPI_DMA.dir/Core/Own/main.cpp.obj
LOAD CMakeFiles/SPI_DMA.dir/Core/Own/uart.cpp.obj
LOAD CMakeFiles/SPI_DMA.dir/Core/Src/dma.c.obj
LOAD CMakeFiles/SPI_DMA.dir/Core/Src/gpio.c.obj
LOAD CMakeFiles/SPI_DMA.dir/Core/Src/spi.c.obj
LOAD CMakeFiles/SPI_DMA.dir/Core/Src/stm32f4xx_hal_msp.c.obj
LOAD CMakeFiles/SPI_DMA.dir/Core/Src/stm32f4xx_it.c.obj
LOAD CMakeFiles/SPI_DMA.dir/Core/Src/syscalls.c.obj
LOAD CMakeFiles/SPI_DMA.dir/Core/Src/sysmem.c.obj
LOAD CMakeFiles/SPI_DMA.dir/Core/Src/system_stm32f4xx.c.obj
LOAD CMakeFiles/SPI_DMA.dir/Core/Src/tim.c.obj
LOAD CMakeFiles/SPI_DMA.dir/Core/Src/usart.c.obj
LOAD CMakeFiles/SPI_DMA.dir/Drivers/STM32F4xx_HAL_Driver/Src/stm32f4xx_hal_spi.c.obj
LOAD CMakeFiles/SPI_DMA.dir/Drivers/STM32F4xx_HAL_Driver/Src/stm32f4xx_hal_rcc.c.obj
LOAD CMakeFiles/SPI_DMA.dir/Drivers/STM32F4xx_HAL_Driver/Src/stm32f4xx_hal_rcc_ex.c.obj
LOAD CMakeFiles/SPI_DMA.dir/Drivers/STM32F4xx_HAL_Driver/Src/stm32f4xx_hal_flash.c.obj
LOAD CMakeFiles/SPI_DMA.dir/Drivers/STM32F4xx_HAL_Driver/Src/stm32f4xx_hal_flash_ex.c.obj
LOAD CMakeFiles/SPI_DMA.dir/Drivers/STM32F4xx_HAL_Driver/Src/stm32f4xx_hal_flash_ramfunc.c.obj
LOAD CMakeFiles/SPI_DMA.dir/Drivers/STM32F4xx_HAL_Driver/Src/stm32f4xx_hal_gpio.c.obj
LOAD CMakeFiles/SPI_DMA.dir/Drivers/STM32F4xx_HAL_Driver/Src/stm32f4xx_hal_dma_ex.c.obj
LOAD CMakeFiles/SPI_DMA.dir/Drivers/STM32F4xx_HAL_Driver/Src/stm32f4xx_hal_dma.c.obj
LOAD CMakeFiles/SPI_DMA.dir/Drivers/STM32F4xx_HAL_Driver/Src/stm32f4xx_hal_pwr.c.obj
LOAD CMakeFiles/SPI_DMA.dir/Drivers/STM32F4xx_HAL_Driver/Src/stm32f4xx_hal_pwr_ex.c.obj
LOAD CMakeFiles/SPI_DMA.dir/Drivers/STM32F4xx_HAL_Driver/Src/stm32f4xx_hal_cortex.c.obj
LOAD CMakeFiles/SPI_DMA.dir/Drivers/STM32F4xx_HAL_Driver/Src/stm32f4xx_hal.c.obj
LOAD CMakeFiles/SPI_DMA.dir/Drivers/STM32F4xx_HAL_Driver/Src/stm32f4xx_hal_exti.c.obj
LOAD CMakeFiles/SPI_DMA.dir/Drivers/STM32F4xx_HAL_Driver/Src/stm32f4xx_hal_tim.c.obj
LOAD CMakeFiles/SPI_DMA.dir/Drivers/STM32F4xx_HAL_Driver/Src/stm32f4xx_hal_tim_ex.c.obj
LOAD CMakeFiles/SPI_DMA.dir/Drivers/STM32F4xx_HAL_Driver/Src/stm32f4xx_hal_uart.c.obj
LOAD CMakeFiles/SPI_DMA.dir/startup_stm32f407xx.s.obj
LOAD /usr/lib/gcc/arm-none-eabi/13.2.1/../../../arm-none-eabi/lib/thumb/v7e-m+fp/hard/libstdc++_nano.a
LOAD /usr/lib/gcc/arm-none-eabi/13.2.1/../../../arm-none-eabi/lib/thumb/v7e-m+fp/hard/libm.a
LOAD /usr/lib/gcc/arm-none-eabi/13.2.1/../../../arm-none-eabi/lib/thumb/v7e-m+fp/hard/libc_nano.a
START GROUP
LOAD /usr/lib/gcc/arm-none-eabi/13.2.1/thumb/v7e-m+fp/hard/libgcc.a
LOAD /usr/lib/gcc/arm-none-eabi/13.2.1/../../../arm-none-eabi/lib/thumb/v7e-m+fp/hard/libg_nano.a
LOAD /usr/lib/gcc/arm-none-eabi/13.2.1/../../../arm-none-eabi/lib/thumb/v7e-m+fp/hard/libc_nano.a
END GROUP
START GROUP
LOAD /usr/lib/gcc/arm-none-eabi/13.2.1/thumb/v7e-m+fp/hard/libgcc.a
LOAD /usr/lib/gcc/arm-none-eabi/13.2.1/../../../arm-none-eabi/lib/thumb/v7e-m+fp/hard/libc_nano.a
END GROUP
LOAD /usr/lib/gcc/arm-none-eabi/13.2.1/thumb/v7e-m+fp/hard/crtend.o
LOAD /usr/lib/gcc/arm-none-eabi/13.2.1/thumb/v7e-m+fp/hard/crtn.o
                0x20020000                        _estack = (ORIGIN (RAM) + LENGTH (RAM))
                0x00000200                        _Min_Heap_Size = 0x200
                0x00000400                        _Min_Stack_Size = 0x400

.isr_vector     0x08000000      0x188
                0x08000000                        . = ALIGN (0x4)
 *(.isr_vector)
 .isr_vector    0x08000000      0x188 CMakeFiles/SPI_DMA.dir/startup_stm32f407xx.s.obj
                0x08000000                g_pfnVectors
                0x08000188                        . = ALIGN (0x4)

.text           0x08000188     0x57b0
                0x08000188                        . = ALIGN (0x4)
 *(.text)
 .text          0x08000188       0x88 /usr/lib/gcc/arm-none-eabi/13.2.1/thumb/v7e-m+fp/hard/crtbegin.o
 .text          0x08000210       0x50 /usr/lib/gcc/arm-none-eabi/13.2.1/../../../arm-none-eabi/lib/thumb/v7e-m+fp/hard/libc_nano.a(libc_a-init.o)
                0x08000210                __libc_init_array
 .text          0x08000260       0xa4 /usr/lib/gcc/arm-none-eabi/13.2.1/../../../arm-none-eabi/lib/thumb/v7e-m+fp/hard/libc_nano.a(libc_a-memset.o)
                0x08000260                memset
 .text          0x08000304       0x30 /usr/lib/gcc/arm-none-eabi/13.2.1/thumb/v7e-m+fp/hard/libgcc.a(_aeabi_uldivmod.o)
                0x08000304                __aeabi_uldivmod
 .text          0x08000334      0x2bc /usr/lib/gcc/arm-none-eabi/13.2.1/thumb/v7e-m+fp/hard/libgcc.a(_udivmoddi4.o)
                0x08000334                __udivmoddi4
 .text          0x080005f0        0x4 /usr/lib/gcc/arm-none-eabi/13.2.1/thumb/v7e-m+fp/hard/libgcc.a(_dvmd_tls.o)
                0x080005f0                __aeabi_ldiv0
                0x080005f0                __aeabi_idiv0
 *(.text*)
 .text._ZN3LCD8SCLK_ClrEv
                0x080005f4       0x20 CMakeFiles/SPI_DMA.dir/Core/LCD/LCD.cpp.obj
                0x080005f4                LCD::SCLK_Clr()
 .text._ZN3LCD8SCLK_SetEv
                0x08000614       0x20 CMakeFiles/SPI_DMA.dir/Core/LCD/LCD.cpp.obj
                0x08000614                LCD::SCLK_Set()
 .text._ZN3LCD8MOSI_ClrEv
                0x08000634       0x20 CMakeFiles/SPI_DMA.dir/Core/LCD/LCD.cpp.obj
                0x08000634                LCD::MOSI_Clr()
 .text._ZN3LCD8MOSI_SetEv
                0x08000654       0x20 CMakeFiles/SPI_DMA.dir/Core/LCD/LCD.cpp.obj
                0x08000654                LCD::MOSI_Set()
 .text._ZN3LCD7RES_ClrEv
                0x08000674       0x20 CMakeFiles/SPI_DMA.dir/Core/LCD/LCD.cpp.obj
                0x08000674                LCD::RES_Clr()
 .text._ZN3LCD7RES_SetEv
                0x08000694       0x20 CMakeFiles/SPI_DMA.dir/Core/LCD/LCD.cpp.obj
                0x08000694                LCD::RES_Set()
 .text._ZN3LCD6DC_ClrEv
                0x080006b4       0x20 CMakeFiles/SPI_DMA.dir/Core/LCD/LCD.cpp.obj
                0x080006b4                LCD::DC_Clr()
 .text._ZN3LCD6DC_SetEv
                0x080006d4       0x20 CMakeFiles/SPI_DMA.dir/Core/LCD/LCD.cpp.obj
                0x080006d4                LCD::DC_Set()
 .text._ZN3LCD6CS_ClrEv
                0x080006f4       0x20 CMakeFiles/SPI_DMA.dir/Core/LCD/LCD.cpp.obj
                0x080006f4                LCD::CS_Clr()
 .text._ZN3LCD6CS_SetEv
                0x08000714       0x20 CMakeFiles/SPI_DMA.dir/Core/LCD/LCD.cpp.obj
                0x08000714                LCD::CS_Set()
 .text._ZN3LCD7BLK_SetEv
                0x08000734       0x20 CMakeFiles/SPI_DMA.dir/Core/LCD/LCD.cpp.obj
                0x08000734                LCD::BLK_Set()
 .text._ZN3LCDC2EP12GPIO_TypeDefttttttP19__SPI_HandleTypeDef
                0x08000754       0x70 CMakeFiles/SPI_DMA.dir/Core/LCD/LCD.cpp.obj
                0x08000754                LCD::LCD(GPIO_TypeDef*, unsigned short, unsigned short, unsigned short, unsigned short, unsigned short, unsigned short, __SPI_HandleTypeDef*)
                0x08000754                LCD::LCD(GPIO_TypeDef*, unsigned short, unsigned short, unsigned short, unsigned short, unsigned short, unsigned short, __SPI_HandleTypeDef*)
 .text._ZN3LCD9GPIO_InitEv
                0x080007c4       0x14 CMakeFiles/SPI_DMA.dir/Core/LCD/LCD.cpp.obj
                0x080007c4                LCD::GPIO_Init()
 .text._ZN3LCD8Writ_BusEh
                0x080007d8       0x5a CMakeFiles/SPI_DMA.dir/Core/LCD/LCD.cpp.obj
                0x080007d8                LCD::Writ_Bus(unsigned char)
 .text._ZN3LCD8WR_DATA8Ehbtt
                0x08000832       0x46 CMakeFiles/SPI_DMA.dir/Core/LCD/LCD.cpp.obj
                0x08000832                LCD::WR_DATA8(unsigned char, bool, unsigned short, unsigned short)
 .text._ZN3LCD7WR_DATAEtbtt
                0x08000878       0xa0 CMakeFiles/SPI_DMA.dir/Core/LCD/LCD.cpp.obj
                0x08000878                LCD::WR_DATA(unsigned short, bool, unsigned short, unsigned short)
 .text._ZN3LCD6WR_REGEh
                0x08000918       0x44 CMakeFiles/SPI_DMA.dir/Core/LCD/LCD.cpp.obj
                0x08000918                LCD::WR_REG(unsigned char)
 .text._ZN3LCD11Address_SetEtttt
                0x0800095c       0x8a CMakeFiles/SPI_DMA.dir/Core/LCD/LCD.cpp.obj
                0x0800095c                LCD::Address_Set(unsigned short, unsigned short, unsigned short, unsigned short)
 .text._ZN3LCD4InitEv
                0x080009e6      0x466 CMakeFiles/SPI_DMA.dir/Core/LCD/LCD.cpp.obj
                0x080009e6                LCD::Init()
 .text._ZN3LCD4FillEttttt
                0x08000e4c       0x5e CMakeFiles/SPI_DMA.dir/Core/LCD/LCD.cpp.obj
                0x08000e4c                LCD::Fill(unsigned short, unsigned short, unsigned short, unsigned short, unsigned short)
 .text._ZN3LCD8DMA_FillEv
                0x08000eaa       0x32 CMakeFiles/SPI_DMA.dir/Core/LCD/LCD.cpp.obj
                0x08000eaa                LCD::DMA_Fill()
 .text._ZN3LCD9DrawPointEttt
                0x08000edc       0x34 CMakeFiles/SPI_DMA.dir/Core/LCD/LCD.cpp.obj
                0x08000edc                LCD::DrawPoint(unsigned short, unsigned short, unsigned short)
 .text._ZN3LCD8ShowCharEtthtthh
                0x08000f10      0x1a4 CMakeFiles/SPI_DMA.dir/Core/LCD/LCD.cpp.obj
                0x08000f10                LCD::ShowChar(unsigned short, unsigned short, unsigned char, unsigned short, unsigned short, unsigned char, unsigned char)
 .text._ZN3LCD5mypowEhh
                0x080010b4       0x42 CMakeFiles/SPI_DMA.dir/Core/LCD/LCD.cpp.obj
                0x080010b4                LCD::mypow(unsigned char, unsigned char)
 *fill*         0x080010f6        0x2 
 .text._ZN3LCD10ShowIntNumEttthtth
                0x080010f8      0x104 CMakeFiles/SPI_DMA.dir/Core/LCD/LCD.cpp.obj
                0x080010f8                LCD::ShowIntNum(unsigned short, unsigned short, unsigned short, unsigned char, unsigned short, unsigned short, unsigned char)
 .text._ZN3LCD11ShowPictureEttttPKh
                0x080011fc       0xa4 CMakeFiles/SPI_DMA.dir/Core/LCD/LCD.cpp.obj
                0x080011fc                LCD::ShowPicture(unsigned short, unsigned short, unsigned short, unsigned short, unsigned char const*)
 .text.HAL_TIM_PeriodElapsedCallback
                0x080012a0       0x44 CMakeFiles/SPI_DMA.dir/Core/Own/IT.cpp.obj
                0x080012a0                HAL_TIM_PeriodElapsedCallback
 .text.HAL_SPI_TxCpltCallback
                0x080012e4       0x2c CMakeFiles/SPI_DMA.dir/Core/Own/IT.cpp.obj
                0x080012e4                HAL_SPI_TxCpltCallback
 .text.HAL_UARTEx_RxEventCallback
                0x08001310       0x24 CMakeFiles/SPI_DMA.dir/Core/Own/IT.cpp.obj
                0x08001310                HAL_UARTEx_RxEventCallback
 .text.main     0x08001334      0x118 CMakeFiles/SPI_DMA.dir/Core/Own/main.cpp.obj
                0x08001334                main
 .text.SystemClock_Config
                0x0800144c       0xe8 CMakeFiles/SPI_DMA.dir/Core/Own/main.cpp.obj
                0x0800144c                SystemClock_Config
 .text.Error_Handler
                0x08001534        0xc CMakeFiles/SPI_DMA.dir/Core/Own/main.cpp.obj
                0x08001534                Error_Handler
 .text._Z41__static_initialization_and_destruction_0v
                0x08001540       0x40 CMakeFiles/SPI_DMA.dir/Core/Own/main.cpp.obj
 .text._GLOBAL__sub_I_pitc
                0x08001580        0xa CMakeFiles/SPI_DMA.dir/Core/Own/main.cpp.obj
 *fill*         0x0800158a        0x2 
 .text.MX_DMA_Init
                0x0800158c       0x60 CMakeFiles/SPI_DMA.dir/Core/Src/dma.c.obj
                0x0800158c                MX_DMA_Init
 .text.MX_GPIO_Init
                0x080015ec       0xa4 CMakeFiles/SPI_DMA.dir/Core/Src/gpio.c.obj
                0x080015ec                MX_GPIO_Init
 .text.MX_SPI1_Init
                0x08001690       0x6c CMakeFiles/SPI_DMA.dir/Core/Src/spi.c.obj
                0x08001690                MX_SPI1_Init
 .text.HAL_SPI_MspInit
                0x080016fc      0x104 CMakeFiles/SPI_DMA.dir/Core/Src/spi.c.obj
                0x080016fc                HAL_SPI_MspInit
 .text.HAL_MspInit
                0x08001800       0x50 CMakeFiles/SPI_DMA.dir/Core/Src/stm32f4xx_hal_msp.c.obj
                0x08001800                HAL_MspInit
 .text.NMI_Handler
                0x08001850        0x8 CMakeFiles/SPI_DMA.dir/Core/Src/stm32f4xx_it.c.obj
                0x08001850                NMI_Handler
 .text.HardFault_Handler
                0x08001858        0x8 CMakeFiles/SPI_DMA.dir/Core/Src/stm32f4xx_it.c.obj
                0x08001858                HardFault_Handler
 .text.MemManage_Handler
                0x08001860        0x8 CMakeFiles/SPI_DMA.dir/Core/Src/stm32f4xx_it.c.obj
                0x08001860                MemManage_Handler
 .text.BusFault_Handler
                0x08001868        0x8 CMakeFiles/SPI_DMA.dir/Core/Src/stm32f4xx_it.c.obj
                0x08001868                BusFault_Handler
 .text.UsageFault_Handler
                0x08001870        0x8 CMakeFiles/SPI_DMA.dir/Core/Src/stm32f4xx_it.c.obj
                0x08001870                UsageFault_Handler
 .text.SVC_Handler
                0x08001878        0xe CMakeFiles/SPI_DMA.dir/Core/Src/stm32f4xx_it.c.obj
                0x08001878                SVC_Handler
 .text.DebugMon_Handler
                0x08001886        0xe CMakeFiles/SPI_DMA.dir/Core/Src/stm32f4xx_it.c.obj
                0x08001886                DebugMon_Handler
 .text.PendSV_Handler
                0x08001894        0xe CMakeFiles/SPI_DMA.dir/Core/Src/stm32f4xx_it.c.obj
                0x08001894                PendSV_Handler
 .text.SysTick_Handler
                0x080018a2        0xc CMakeFiles/SPI_DMA.dir/Core/Src/stm32f4xx_it.c.obj
                0x080018a2                SysTick_Handler
 *fill*         0x080018ae        0x2 
 .text.TIM2_IRQHandler
                0x080018b0       0x14 CMakeFiles/SPI_DMA.dir/Core/Src/stm32f4xx_it.c.obj
                0x080018b0                TIM2_IRQHandler
 .text.SPI1_IRQHandler
                0x080018c4       0x14 CMakeFiles/SPI_DMA.dir/Core/Src/stm32f4xx_it.c.obj
                0x080018c4                SPI1_IRQHandler
 .text.USART1_IRQHandler
                0x080018d8       0x14 CMakeFiles/SPI_DMA.dir/Core/Src/stm32f4xx_it.c.obj
                0x080018d8                USART1_IRQHandler
 .text.DMA2_Stream2_IRQHandler
                0x080018ec       0x14 CMakeFiles/SPI_DMA.dir/Core/Src/stm32f4xx_it.c.obj
                0x080018ec                DMA2_Stream2_IRQHandler
 .text.DMA2_Stream3_IRQHandler
                0x08001900       0x14 CMakeFiles/SPI_DMA.dir/Core/Src/stm32f4xx_it.c.obj
                0x08001900                DMA2_Stream3_IRQHandler
 .text.DMA2_Stream7_IRQHandler
                0x08001914       0x14 CMakeFiles/SPI_DMA.dir/Core/Src/stm32f4xx_it.c.obj
                0x08001914                DMA2_Stream7_IRQHandler
 .text.SystemInit
                0x08001928       0x24 CMakeFiles/SPI_DMA.dir/Core/Src/system_stm32f4xx.c.obj
                0x08001928                SystemInit
 .text.MX_TIM2_Init
                0x0800194c       0x9c CMakeFiles/SPI_DMA.dir/Core/Src/tim.c.obj
                0x0800194c                MX_TIM2_Init
 .text.HAL_TIM_Base_MspInit
                0x080019e8       0x4c CMakeFiles/SPI_DMA.dir/Core/Src/tim.c.obj
                0x080019e8                HAL_TIM_Base_MspInit
 .text.MX_USART1_UART_Init
                0x08001a34       0x54 CMakeFiles/SPI_DMA.dir/Core/Src/usart.c.obj
                0x08001a34                MX_USART1_UART_Init
 .text.HAL_UART_MspInit
                0x08001a88      0x16c CMakeFiles/SPI_DMA.dir/Core/Src/usart.c.obj
                0x08001a88                HAL_UART_MspInit
 .text.HAL_SPI_Init
                0x08001bf4      0x112 CMakeFiles/SPI_DMA.dir/Drivers/STM32F4xx_HAL_Driver/Src/stm32f4xx_hal_spi.c.obj
                0x08001bf4                HAL_SPI_Init
 .text.HAL_SPI_Transmit
                0x08001d06      0x286 CMakeFiles/SPI_DMA.dir/Drivers/STM32F4xx_HAL_Driver/Src/stm32f4xx_hal_spi.c.obj
                0x08001d06                HAL_SPI_Transmit
 .text.HAL_SPI_Transmit_DMA
                0x08001f8c      0x164 CMakeFiles/SPI_DMA.dir/Drivers/STM32F4xx_HAL_Driver/Src/stm32f4xx_hal_spi.c.obj
                0x08001f8c                HAL_SPI_Transmit_DMA
 .text.HAL_SPI_IRQHandler
                0x080020f0      0x200 CMakeFiles/SPI_DMA.dir/Drivers/STM32F4xx_HAL_Driver/Src/stm32f4xx_hal_spi.c.obj
                0x080020f0                HAL_SPI_IRQHandler
 .text.HAL_SPI_TxHalfCpltCallback
                0x080022f0       0x14 CMakeFiles/SPI_DMA.dir/Drivers/STM32F4xx_HAL_Driver/Src/stm32f4xx_hal_spi.c.obj
                0x080022f0                HAL_SPI_TxHalfCpltCallback
 .text.HAL_SPI_ErrorCallback
                0x08002304       0x14 CMakeFiles/SPI_DMA.dir/Drivers/STM32F4xx_HAL_Driver/Src/stm32f4xx_hal_spi.c.obj
                0x08002304                HAL_SPI_ErrorCallback
 .text.SPI_DMATransmitCplt
                0x08002318       0xa8 CMakeFiles/SPI_DMA.dir/Drivers/STM32F4xx_HAL_Driver/Src/stm32f4xx_hal_spi.c.obj
 .text.SPI_DMAHalfTransmitCplt
                0x080023c0       0x1c CMakeFiles/SPI_DMA.dir/Drivers/STM32F4xx_HAL_Driver/Src/stm32f4xx_hal_spi.c.obj
 .text.SPI_DMAError
                0x080023dc       0x40 CMakeFiles/SPI_DMA.dir/Drivers/STM32F4xx_HAL_Driver/Src/stm32f4xx_hal_spi.c.obj
 .text.SPI_DMAAbortOnError
                0x0800241c       0x28 CMakeFiles/SPI_DMA.dir/Drivers/STM32F4xx_HAL_Driver/Src/stm32f4xx_hal_spi.c.obj
 .text.SPI_WaitFlagStateUntilTimeout
                0x08002444      0x110 CMakeFiles/SPI_DMA.dir/Drivers/STM32F4xx_HAL_Driver/Src/stm32f4xx_hal_spi.c.obj
 .text.SPI_EndRxTxTransaction
                0x08002554       0xa8 CMakeFiles/SPI_DMA.dir/Drivers/STM32F4xx_HAL_Driver/Src/stm32f4xx_hal_spi.c.obj
 .text.HAL_RCC_OscConfig
                0x080025fc      0x4f0 CMakeFiles/SPI_DMA.dir/Drivers/STM32F4xx_HAL_Driver/Src/stm32f4xx_hal_rcc.c.obj
                0x080025fc                HAL_RCC_OscConfig
 .text.HAL_RCC_ClockConfig
                0x08002aec      0x1cc CMakeFiles/SPI_DMA.dir/Drivers/STM32F4xx_HAL_Driver/Src/stm32f4xx_hal_rcc.c.obj
                0x08002aec                HAL_RCC_ClockConfig
 .text.HAL_RCC_GetSysClockFreq
                0x08002cb8      0x18c CMakeFiles/SPI_DMA.dir/Drivers/STM32F4xx_HAL_Driver/Src/stm32f4xx_hal_rcc.c.obj
                0x08002cb8                HAL_RCC_GetSysClockFreq
 .text.HAL_RCC_GetHCLKFreq
                0x08002e44       0x18 CMakeFiles/SPI_DMA.dir/Drivers/STM32F4xx_HAL_Driver/Src/stm32f4xx_hal_rcc.c.obj
                0x08002e44                HAL_RCC_GetHCLKFreq
 .text.HAL_RCC_GetPCLK1Freq
                0x08002e5c       0x28 CMakeFiles/SPI_DMA.dir/Drivers/STM32F4xx_HAL_Driver/Src/stm32f4xx_hal_rcc.c.obj
                0x08002e5c                HAL_RCC_GetPCLK1Freq
 .text.HAL_RCC_GetPCLK2Freq
                0x08002e84       0x28 CMakeFiles/SPI_DMA.dir/Drivers/STM32F4xx_HAL_Driver/Src/stm32f4xx_hal_rcc.c.obj
                0x08002e84                HAL_RCC_GetPCLK2Freq
 .text.HAL_GPIO_Init
                0x08002eac      0x338 CMakeFiles/SPI_DMA.dir/Drivers/STM32F4xx_HAL_Driver/Src/stm32f4xx_hal_gpio.c.obj
                0x08002eac                HAL_GPIO_Init
 .text.HAL_GPIO_WritePin
                0x080031e4       0x32 CMakeFiles/SPI_DMA.dir/Drivers/STM32F4xx_HAL_Driver/Src/stm32f4xx_hal_gpio.c.obj
                0x080031e4                HAL_GPIO_WritePin
 *fill*         0x08003216        0x2 
 .text.HAL_DMA_Init
                0x08003218      0x15c CMakeFiles/SPI_DMA.dir/Drivers/STM32F4xx_HAL_Driver/Src/stm32f4xx_hal_dma.c.obj
                0x08003218                HAL_DMA_Init
 .text.HAL_DMA_Start_IT
                0x08003374       0xb0 CMakeFiles/SPI_DMA.dir/Drivers/STM32F4xx_HAL_Driver/Src/stm32f4xx_hal_dma.c.obj
                0x08003374                HAL_DMA_Start_IT
 .text.HAL_DMA_Abort
                0x08003424       0xe0 CMakeFiles/SPI_DMA.dir/Drivers/STM32F4xx_HAL_Driver/Src/stm32f4xx_hal_dma.c.obj
                0x08003424                HAL_DMA_Abort
 .text.HAL_DMA_Abort_IT
                0x08003504       0x44 CMakeFiles/SPI_DMA.dir/Drivers/STM32F4xx_HAL_Driver/Src/stm32f4xx_hal_dma.c.obj
                0x08003504                HAL_DMA_Abort_IT
 .text.HAL_DMA_IRQHandler
                0x08003548      0x314 CMakeFiles/SPI_DMA.dir/Drivers/STM32F4xx_HAL_Driver/Src/stm32f4xx_hal_dma.c.obj
                0x08003548                HAL_DMA_IRQHandler
 .text.DMA_SetConfig
                0x0800385c       0x5c CMakeFiles/SPI_DMA.dir/Drivers/STM32F4xx_HAL_Driver/Src/stm32f4xx_hal_dma.c.obj
 .text.DMA_CalcBaseAndBitshift
                0x080038b8       0x6c CMakeFiles/SPI_DMA.dir/Drivers/STM32F4xx_HAL_Driver/Src/stm32f4xx_hal_dma.c.obj
 .text.DMA_CheckFifoParam
                0x08003924       0xf8 CMakeFiles/SPI_DMA.dir/Drivers/STM32F4xx_HAL_Driver/Src/stm32f4xx_hal_dma.c.obj
 .text.__NVIC_SetPriorityGrouping
                0x08003a1c       0x48 CMakeFiles/SPI_DMA.dir/Drivers/STM32F4xx_HAL_Driver/Src/stm32f4xx_hal_cortex.c.obj
 .text.__NVIC_GetPriorityGrouping
                0x08003a64       0x1c CMakeFiles/SPI_DMA.dir/Drivers/STM32F4xx_HAL_Driver/Src/stm32f4xx_hal_cortex.c.obj
 .text.__NVIC_EnableIRQ
                0x08003a80       0x3c CMakeFiles/SPI_DMA.dir/Drivers/STM32F4xx_HAL_Driver/Src/stm32f4xx_hal_cortex.c.obj
 .text.__NVIC_SetPriority
                0x08003abc       0x54 CMakeFiles/SPI_DMA.dir/Drivers/STM32F4xx_HAL_Driver/Src/stm32f4xx_hal_cortex.c.obj
 .text.NVIC_EncodePriority
                0x08003b10       0x66 CMakeFiles/SPI_DMA.dir/Drivers/STM32F4xx_HAL_Driver/Src/stm32f4xx_hal_cortex.c.obj
 *fill*         0x08003b76        0x2 
 .text.SysTick_Config
                0x08003b78       0x44 CMakeFiles/SPI_DMA.dir/Drivers/STM32F4xx_HAL_Driver/Src/stm32f4xx_hal_cortex.c.obj
 .text.HAL_NVIC_SetPriorityGrouping
                0x08003bbc       0x16 CMakeFiles/SPI_DMA.dir/Drivers/STM32F4xx_HAL_Driver/Src/stm32f4xx_hal_cortex.c.obj
                0x08003bbc                HAL_NVIC_SetPriorityGrouping
 .text.HAL_NVIC_SetPriority
                0x08003bd2       0x38 CMakeFiles/SPI_DMA.dir/Drivers/STM32F4xx_HAL_Driver/Src/stm32f4xx_hal_cortex.c.obj
                0x08003bd2                HAL_NVIC_SetPriority
 .text.HAL_NVIC_EnableIRQ
                0x08003c0a       0x1c CMakeFiles/SPI_DMA.dir/Drivers/STM32F4xx_HAL_Driver/Src/stm32f4xx_hal_cortex.c.obj
                0x08003c0a                HAL_NVIC_EnableIRQ
 .text.HAL_SYSTICK_Config
                0x08003c26       0x18 CMakeFiles/SPI_DMA.dir/Drivers/STM32F4xx_HAL_Driver/Src/stm32f4xx_hal_cortex.c.obj
                0x08003c26                HAL_SYSTICK_Config
 *fill*         0x08003c3e        0x2 
 .text.HAL_Init
                0x08003c40       0x44 CMakeFiles/SPI_DMA.dir/Drivers/STM32F4xx_HAL_Driver/Src/stm32f4xx_hal.c.obj
                0x08003c40                HAL_Init
 .text.HAL_InitTick
                0x08003c84       0x60 CMakeFiles/SPI_DMA.dir/Drivers/STM32F4xx_HAL_Driver/Src/stm32f4xx_hal.c.obj
                0x08003c84                HAL_InitTick
 .text.HAL_IncTick
                0x08003ce4       0x28 CMakeFiles/SPI_DMA.dir/Drivers/STM32F4xx_HAL_Driver/Src/stm32f4xx_hal.c.obj
                0x08003ce4                HAL_IncTick
 .text.HAL_GetTick
                0x08003d0c       0x18 CMakeFiles/SPI_DMA.dir/Drivers/STM32F4xx_HAL_Driver/Src/stm32f4xx_hal.c.obj
                0x08003d0c                HAL_GetTick
 .text.HAL_Delay
                0x08003d24       0x48 CMakeFiles/SPI_DMA.dir/Drivers/STM32F4xx_HAL_Driver/Src/stm32f4xx_hal.c.obj
                0x08003d24                HAL_Delay
 .text.HAL_TIM_Base_Init
                0x08003d6c       0x9e CMakeFiles/SPI_DMA.dir/Drivers/STM32F4xx_HAL_Driver/Src/stm32f4xx_hal_tim.c.obj
                0x08003d6c                HAL_TIM_Base_Init
 *fill*         0x08003e0a        0x2 
 .text.HAL_TIM_Base_Start_IT
                0x08003e0c       0xe0 CMakeFiles/SPI_DMA.dir/Drivers/STM32F4xx_HAL_Driver/Src/stm32f4xx_hal_tim.c.obj
                0x08003e0c                HAL_TIM_Base_Start_IT
 .text.HAL_TIM_IRQHandler
                0x08003eec      0x1e0 CMakeFiles/SPI_DMA.dir/Drivers/STM32F4xx_HAL_Driver/Src/stm32f4xx_hal_tim.c.obj
                0x08003eec                HAL_TIM_IRQHandler
 .text.HAL_TIM_ConfigClockSource
                0x080040cc      0x18e CMakeFiles/SPI_DMA.dir/Drivers/STM32F4xx_HAL_Driver/Src/stm32f4xx_hal_tim.c.obj
                0x080040cc                HAL_TIM_ConfigClockSource
 .text.HAL_TIM_OC_DelayElapsedCallback
                0x0800425a       0x14 CMakeFiles/SPI_DMA.dir/Drivers/STM32F4xx_HAL_Driver/Src/stm32f4xx_hal_tim.c.obj
                0x0800425a                HAL_TIM_OC_DelayElapsedCallback
 .text.HAL_TIM_IC_CaptureCallback
                0x0800426e       0x14 CMakeFiles/SPI_DMA.dir/Drivers/STM32F4xx_HAL_Driver/Src/stm32f4xx_hal_tim.c.obj
                0x0800426e                HAL_TIM_IC_CaptureCallback
 .text.HAL_TIM_PWM_PulseFinishedCallback
                0x08004282       0x14 CMakeFiles/SPI_DMA.dir/Drivers/STM32F4xx_HAL_Driver/Src/stm32f4xx_hal_tim.c.obj
                0x08004282                HAL_TIM_PWM_PulseFinishedCallback
 .text.HAL_TIM_TriggerCallback
                0x08004296       0x14 CMakeFiles/SPI_DMA.dir/Drivers/STM32F4xx_HAL_Driver/Src/stm32f4xx_hal_tim.c.obj
                0x08004296                HAL_TIM_TriggerCallback
 *fill*         0x080042aa        0x2 
 .text.TIM_Base_SetConfig
                0x080042ac      0x158 CMakeFiles/SPI_DMA.dir/Drivers/STM32F4xx_HAL_Driver/Src/stm32f4xx_hal_tim.c.obj
                0x080042ac                TIM_Base_SetConfig
 .text.TIM_TI1_ConfigInputStage
                0x08004404       0x5e CMakeFiles/SPI_DMA.dir/Drivers/STM32F4xx_HAL_Driver/Src/stm32f4xx_hal_tim.c.obj
 .text.TIM_TI2_ConfigInputStage
                0x08004462       0x60 CMakeFiles/SPI_DMA.dir/Drivers/STM32F4xx_HAL_Driver/Src/stm32f4xx_hal_tim.c.obj
 .text.TIM_ITRx_SetConfig
                0x080044c2       0x36 CMakeFiles/SPI_DMA.dir/Drivers/STM32F4xx_HAL_Driver/Src/stm32f4xx_hal_tim.c.obj
 .text.TIM_ETR_SetConfig
                0x080044f8       0x40 CMakeFiles/SPI_DMA.dir/Drivers/STM32F4xx_HAL_Driver/Src/stm32f4xx_hal_tim.c.obj
                0x080044f8                TIM_ETR_SetConfig
 .text.HAL_TIMEx_MasterConfigSynchronization
                0x08004538       0xf8 CMakeFiles/SPI_DMA.dir/Drivers/STM32F4xx_HAL_Driver/Src/stm32f4xx_hal_tim_ex.c.obj
                0x08004538                HAL_TIMEx_MasterConfigSynchronization
 .text.HAL_TIMEx_CommutCallback
                0x08004630       0x14 CMakeFiles/SPI_DMA.dir/Drivers/STM32F4xx_HAL_Driver/Src/stm32f4xx_hal_tim_ex.c.obj
                0x08004630                HAL_TIMEx_CommutCallback
 .text.HAL_TIMEx_BreakCallback
                0x08004644       0x14 CMakeFiles/SPI_DMA.dir/Drivers/STM32F4xx_HAL_Driver/Src/stm32f4xx_hal_tim_ex.c.obj
                0x08004644                HAL_TIMEx_BreakCallback
 .text.HAL_UART_Init
                0x08004658       0xa0 CMakeFiles/SPI_DMA.dir/Drivers/STM32F4xx_HAL_Driver/Src/stm32f4xx_hal_uart.c.obj
                0x08004658                HAL_UART_Init
 .text.HAL_UARTEx_ReceiveToIdle_DMA
                0x080046f8       0xba CMakeFiles/SPI_DMA.dir/Drivers/STM32F4xx_HAL_Driver/Src/stm32f4xx_hal_uart.c.obj
                0x080046f8                HAL_UARTEx_ReceiveToIdle_DMA
 *fill*         0x080047b2        0x2 
 .text.HAL_UART_IRQHandler
                0x080047b4      0x524 CMakeFiles/SPI_DMA.dir/Drivers/STM32F4xx_HAL_Driver/Src/stm32f4xx_hal_uart.c.obj
                0x080047b4                HAL_UART_IRQHandler
 .text.HAL_UART_TxCpltCallback
                0x08004cd8       0x14 CMakeFiles/SPI_DMA.dir/Drivers/STM32F4xx_HAL_Driver/Src/stm32f4xx_hal_uart.c.obj
                0x08004cd8                HAL_UART_TxCpltCallback
 .text.HAL_UART_RxCpltCallback
                0x08004cec       0x14 CMakeFiles/SPI_DMA.dir/Drivers/STM32F4xx_HAL_Driver/Src/stm32f4xx_hal_uart.c.obj
                0x08004cec                HAL_UART_RxCpltCallback
 .text.HAL_UART_RxHalfCpltCallback
                0x08004d00       0x14 CMakeFiles/SPI_DMA.dir/Drivers/STM32F4xx_HAL_Driver/Src/stm32f4xx_hal_uart.c.obj
                0x08004d00                HAL_UART_RxHalfCpltCallback
 .text.HAL_UART_ErrorCallback
                0x08004d14       0x14 CMakeFiles/SPI_DMA.dir/Drivers/STM32F4xx_HAL_Driver/Src/stm32f4xx_hal_uart.c.obj
                0x08004d14                HAL_UART_ErrorCallback
 .text.UART_DMAReceiveCplt
                0x08004d28      0x12c CMakeFiles/SPI_DMA.dir/Drivers/STM32F4xx_HAL_Driver/Src/stm32f4xx_hal_uart.c.obj
 .text.UART_DMARxHalfCplt
                0x08004e54       0x3c CMakeFiles/SPI_DMA.dir/Drivers/STM32F4xx_HAL_Driver/Src/stm32f4xx_hal_uart.c.obj
 .text.UART_DMAError
                0x08004e90       0x94 CMakeFiles/SPI_DMA.dir/Drivers/STM32F4xx_HAL_Driver/Src/stm32f4xx_hal_uart.c.obj
 .text.UART_Start_Receive_DMA
                0x08004f24      0x134 CMakeFiles/SPI_DMA.dir/Drivers/STM32F4xx_HAL_Driver/Src/stm32f4xx_hal_uart.c.obj
                0x08004f24                UART_Start_Receive_DMA
 .text.UART_EndTxTransfer
                0x08005058       0x50 CMakeFiles/SPI_DMA.dir/Drivers/STM32F4xx_HAL_Driver/Src/stm32f4xx_hal_uart.c.obj
 .text.UART_EndRxTransfer
                0x080050a8       0xc6 CMakeFiles/SPI_DMA.dir/Drivers/STM32F4xx_HAL_Driver/Src/stm32f4xx_hal_uart.c.obj
 .text.UART_DMAAbortOnError
                0x0800516e       0x28 CMakeFiles/SPI_DMA.dir/Drivers/STM32F4xx_HAL_Driver/Src/stm32f4xx_hal_uart.c.obj
 .text.UART_Transmit_IT
                0x08005196       0xa0 CMakeFiles/SPI_DMA.dir/Drivers/STM32F4xx_HAL_Driver/Src/stm32f4xx_hal_uart.c.obj
 .text.UART_EndTransmit_IT
                0x08005236       0x30 CMakeFiles/SPI_DMA.dir/Drivers/STM32F4xx_HAL_Driver/Src/stm32f4xx_hal_uart.c.obj
 .text.UART_Receive_IT
                0x08005266      0x17c CMakeFiles/SPI_DMA.dir/Drivers/STM32F4xx_HAL_Driver/Src/stm32f4xx_hal_uart.c.obj
 *fill*         0x080053e2        0x2 
 .text.UART_SetConfig
                0x080053e4      0x4e8 CMakeFiles/SPI_DMA.dir/Drivers/STM32F4xx_HAL_Driver/Src/stm32f4xx_hal_uart.c.obj
 .text.Reset_Handler
                0x080058cc       0x50 CMakeFiles/SPI_DMA.dir/startup_stm32f407xx.s.obj
                0x080058cc                Reset_Handler
 .text.Default_Handler
                0x0800591c        0x2 CMakeFiles/SPI_DMA.dir/startup_stm32f407xx.s.obj
                0x0800591c                RTC_Alarm_IRQHandler
                0x0800591c                HASH_RNG_IRQHandler
                0x0800591c                EXTI2_IRQHandler
                0x0800591c                TIM8_CC_IRQHandler
                0x0800591c                TIM1_CC_IRQHandler
                0x0800591c                DMA2_Stream5_IRQHandler
                0x0800591c                DMA1_Stream5_IRQHandler
                0x0800591c                PVD_IRQHandler
                0x0800591c                SDIO_IRQHandler
                0x0800591c                TAMP_STAMP_IRQHandler
                0x0800591c                CAN2_RX1_IRQHandler
                0x0800591c                EXTI3_IRQHandler
                0x0800591c                TIM8_TRG_COM_TIM14_IRQHandler
                0x0800591c                TIM1_UP_TIM10_IRQHandler
                0x0800591c                TIM8_UP_TIM13_IRQHandler
                0x0800591c                I2C3_ER_IRQHandler
                0x0800591c                EXTI0_IRQHandler
                0x0800591c                I2C2_EV_IRQHandler
                0x0800591c                DMA1_Stream2_IRQHandler
                0x0800591c                CAN1_RX0_IRQHandler
                0x0800591c                FPU_IRQHandler
                0x0800591c                OTG_HS_WKUP_IRQHandler
                0x0800591c                CAN2_SCE_IRQHandler
                0x0800591c                TIM6_DAC_IRQHandler
                0x0800591c                TIM1_BRK_TIM9_IRQHandler
                0x0800591c                DCMI_IRQHandler
                0x0800591c                CAN2_RX0_IRQHandler
                0x0800591c                USART6_IRQHandler
                0x0800591c                USART3_IRQHandler
                0x0800591c                CAN1_RX1_IRQHandler
                0x0800591c                UART5_IRQHandler
                0x0800591c                DMA2_Stream0_IRQHandler
                0x0800591c                TIM4_IRQHandler
                0x0800591c                I2C1_EV_IRQHandler
                0x0800591c                DMA1_Stream6_IRQHandler
                0x0800591c                DMA1_Stream1_IRQHandler
                0x0800591c                UART4_IRQHandler
                0x0800591c                TIM3_IRQHandler
                0x0800591c                RCC_IRQHandler
                0x0800591c                TIM8_BRK_TIM12_IRQHandler
                0x0800591c                Default_Handler
                0x0800591c                EXTI15_10_IRQHandler
                0x0800591c                ADC_IRQHandler
                0x0800591c                DMA1_Stream7_IRQHandler
                0x0800591c                TIM7_IRQHandler
                0x0800591c                CAN2_TX_IRQHandler
                0x0800591c                TIM5_IRQHandler
                0x0800591c                I2C3_EV_IRQHandler
                0x0800591c                EXTI9_5_IRQHandler
                0x0800591c                RTC_WKUP_IRQHandler
                0x0800591c                ETH_WKUP_IRQHandler
                0x0800591c                SPI2_IRQHandler
                0x0800591c                OTG_HS_EP1_IN_IRQHandler
                0x0800591c                DMA1_Stream0_IRQHandler
                0x0800591c                CAN1_TX_IRQHandler
                0x0800591c                EXTI4_IRQHandler
                0x0800591c                FSMC_IRQHandler
                0x0800591c                ETH_IRQHandler
                0x0800591c                OTG_HS_EP1_OUT_IRQHandler
                0x0800591c                WWDG_IRQHandler
                0x0800591c                OTG_FS_WKUP_IRQHandler
                0x0800591c                TIM1_TRG_COM_TIM11_IRQHandler
                0x0800591c                OTG_HS_IRQHandler
                0x0800591c                EXTI1_IRQHandler
                0x0800591c                USART2_IRQHandler
                0x0800591c                I2C2_ER_IRQHandler
                0x0800591c                DMA2_Stream1_IRQHandler
                0x0800591c                CAN1_SCE_IRQHandler
                0x0800591c                FLASH_IRQHandler
                0x0800591c                DMA2_Stream4_IRQHandler
                0x0800591c                OTG_FS_IRQHandler
                0x0800591c                SPI3_IRQHandler
                0x0800591c                DMA1_Stream4_IRQHandler
                0x0800591c                I2C1_ER_IRQHandler
                0x0800591c                DMA2_Stream6_IRQHandler
                0x0800591c                DMA1_Stream3_IRQHandler
 *(.glue_7)
 .glue_7        0x0800591e        0x0 linker stubs
 *(.glue_7t)
 .glue_7t       0x0800591e        0x0 linker stubs
 *(.eh_frame)
 *fill*         0x0800591e        0x2 
 .eh_frame      0x08005920        0x0 /usr/lib/gcc/arm-none-eabi/13.2.1/thumb/v7e-m+fp/hard/crtbegin.o
 *(.init)
 .init          0x08005920        0x4 /usr/lib/gcc/arm-none-eabi/13.2.1/thumb/v7e-m+fp/hard/crti.o
                0x08005920                _init
 .init          0x08005924        0x8 /usr/lib/gcc/arm-none-eabi/13.2.1/thumb/v7e-m+fp/hard/crtn.o
 *(.fini)
 .fini          0x0800592c        0x4 /usr/lib/gcc/arm-none-eabi/13.2.1/thumb/v7e-m+fp/hard/crti.o
                0x0800592c                _fini
 .fini          0x08005930        0x8 /usr/lib/gcc/arm-none-eabi/13.2.1/thumb/v7e-m+fp/hard/crtn.o
                0x08005938                        . = ALIGN (0x4)
                0x08005938                        _etext = .

.vfp11_veneer   0x08005938        0x0
 .vfp11_veneer  0x08005938        0x0 linker stubs

.v4_bx          0x08005938        0x0
 .v4_bx         0x08005938        0x0 linker stubs

.iplt           0x08005938        0x0
 .iplt          0x08005938        0x0 /usr/lib/gcc/arm-none-eabi/13.2.1/thumb/v7e-m+fp/hard/crtbegin.o

.rodata         0x08005938     0x3414
                0x08005938                        . = ALIGN (0x4)
 *(.rodata)
 *(.rodata*)
 .rodata._ZL10ascii_1206
                0x08005938      0x474 CMakeFiles/SPI_DMA.dir/Core/LCD/LCD.cpp.obj
 .rodata._ZL10ascii_1608
                0x08005dac      0x5f0 CMakeFiles/SPI_DMA.dir/Core/LCD/LCD.cpp.obj
 .rodata._ZL10ascii_2412
                0x0800639c     0x11d0 CMakeFiles/SPI_DMA.dir/Core/LCD/LCD.cpp.obj
 .rodata._ZL10ascii_3216
                0x0800756c     0x17c0 CMakeFiles/SPI_DMA.dir/Core/LCD/LCD.cpp.obj
 .rodata.AHBPrescTable
                0x08008d2c       0x10 CMakeFiles/SPI_DMA.dir/Core/Src/system_stm32f4xx.c.obj
                0x08008d2c                AHBPrescTable
 .rodata.APBPrescTable
                0x08008d3c        0x8 CMakeFiles/SPI_DMA.dir/Core/Src/system_stm32f4xx.c.obj
                0x08008d3c                APBPrescTable
 .rodata.flagBitshiftOffset.0
                0x08008d44        0x8 CMakeFiles/SPI_DMA.dir/Drivers/STM32F4xx_HAL_Driver/Src/stm32f4xx_hal_dma.c.obj
                0x08008d4c                        . = ALIGN (0x4)

.ARM.extab
 *(.ARM.extab* .gnu.linkonce.armextab.*)

.ARM            0x08008d4c        0x8
                0x08008d4c                        __exidx_start = .
 *(.ARM.exidx*)
 .ARM.exidx     0x08008d4c        0x8 /usr/lib/gcc/arm-none-eabi/13.2.1/thumb/v7e-m+fp/hard/libgcc.a(_udivmoddi4.o)
                0x08008d54                        __exidx_end = .

.rel.dyn        0x08008d54        0x0
 .rel.iplt      0x08008d54        0x0 /usr/lib/gcc/arm-none-eabi/13.2.1/thumb/v7e-m+fp/hard/crtbegin.o

.preinit_array  0x08008d54        0x0
                0x08008d54                        PROVIDE (__preinit_array_start = .)
 *(.preinit_array*)
                0x08008d54                        PROVIDE (__preinit_array_end = .)

.init_array     0x08008d54        0x8
                0x08008d54                        PROVIDE (__init_array_start = .)
 *(SORT_BY_NAME(.init_array.*))
 *(.init_array*)
 .init_array    0x08008d54        0x4 /usr/lib/gcc/arm-none-eabi/13.2.1/thumb/v7e-m+fp/hard/crtbegin.o
 .init_array    0x08008d58        0x4 CMakeFiles/SPI_DMA.dir/Core/Own/main.cpp.obj
                0x08008d5c                        PROVIDE (__init_array_end = .)

.fini_array     0x08008d5c        0x4
                0x08008d5c                        PROVIDE (__fini_array_start = .)
 *(SORT_BY_NAME(.fini_array.*))
 *(.fini_array*)
 .fini_array    0x08008d5c        0x4 /usr/lib/gcc/arm-none-eabi/13.2.1/thumb/v7e-m+fp/hard/crtbegin.o
                0x08008d60                        PROVIDE (__fini_array_end = .)
                0x08008d60                        _sidata = LOADADDR (.data)

.data           0x20000000       0x10 load address 0x08008d60
                0x20000000                        . = ALIGN (0x4)
                0x20000000                        _sdata = .
 *(.data)
 *(.data*)
 .data.one_frame_done
                0x20000000        0x1 CMakeFiles/SPI_DMA.dir/Core/Own/IT.cpp.obj
                0x20000000                one_frame_done
 *fill*         0x20000001        0x3 
 .data.SystemCoreClock
                0x20000004        0x4 CMakeFiles/SPI_DMA.dir/Core/Src/system_stm32f4xx.c.obj
                0x20000004                SystemCoreClock
 .data.uwTickPrio
                0x20000008        0x4 CMakeFiles/SPI_DMA.dir/Drivers/STM32F4xx_HAL_Driver/Src/stm32f4xx_hal.c.obj
                0x20000008                uwTickPrio
 .data.uwTickFreq
                0x2000000c        0x1 CMakeFiles/SPI_DMA.dir/Drivers/STM32F4xx_HAL_Driver/Src/stm32f4xx_hal.c.obj
                0x2000000c                uwTickFreq
                0x20000010                        . = ALIGN (0x4)
 *fill*         0x2000000d        0x3 
                0x20000010                        _edata = .
                0x08008d70                        _siccmram = LOADADDR (.ccmram)

.tm_clone_table
                0x20000010        0x0 load address 0x08008d70
 .tm_clone_table
                0x20000010        0x0 /usr/lib/gcc/arm-none-eabi/13.2.1/thumb/v7e-m+fp/hard/crtbegin.o
 .tm_clone_table
                0x20000010        0x0 /usr/lib/gcc/arm-none-eabi/13.2.1/thumb/v7e-m+fp/hard/crtend.o

.igot.plt       0x20000010        0x0 load address 0x08008d70
 .igot.plt      0x20000010        0x0 /usr/lib/gcc/arm-none-eabi/13.2.1/thumb/v7e-m+fp/hard/crtbegin.o

.ccmram         0x10000000        0x0 load address 0x08008d70
                0x10000000                        . = ALIGN (0x4)
                0x10000000                        _sccmram = .
 *(.ccmram)
 *(.ccmram*)
                0x10000000                        . = ALIGN (0x4)
                0x10000000                        _eccmram = .
                0x10000000                        . = ALIGN (0x4)

.bss            0x20000010    0x14258
                0x20000010                        _sbss = .
                0x20000010                        __bss_start__ = _sbss
 *(.bss)
 .bss           0x20000010       0x1c /usr/lib/gcc/arm-none-eabi/13.2.1/thumb/v7e-m+fp/hard/crtbegin.o
 *(.bss*)
 .bss._ZZN3LCD7WR_DATAEtbttE4data
                0x2000002c        0x2 CMakeFiles/SPI_DMA.dir/Core/LCD/LCD.cpp.obj
 .bss._ZZN3LCD11ShowPictureEttttPKhE5color
                0x2000002e        0x2 CMakeFiles/SPI_DMA.dir/Core/LCD/LCD.cpp.obj
 .bss.sec       0x20000030        0x4 CMakeFiles/SPI_DMA.dir/Core/Own/IT.cpp.obj
                0x20000030                sec
 .bss.val       0x20000034        0x1 CMakeFiles/SPI_DMA.dir/Core/Own/IT.cpp.obj
                0x20000034                val
 *fill*         0x20000035        0x3 
 .bss.pitc      0x20000038     0xa000 CMakeFiles/SPI_DMA.dir/Core/Own/main.cpp.obj
                0x20000038                pitc
 .bss.lcd       0x2000a038     0xa01c CMakeFiles/SPI_DMA.dir/Core/Own/main.cpp.obj
                0x2000a038                lcd
 .bss.num       0x20014054        0x4 CMakeFiles/SPI_DMA.dir/Core/Own/main.cpp.obj
                0x20014054                num
 .bss.max       0x20014058        0x4 CMakeFiles/SPI_DMA.dir/Core/Own/main.cpp.obj
                0x20014058                max
 .bss.hspi1     0x2001405c       0x58 CMakeFiles/SPI_DMA.dir/Core/Src/spi.c.obj
                0x2001405c                hspi1
 .bss.hdma_spi1_tx
                0x200140b4       0x60 CMakeFiles/SPI_DMA.dir/Core/Src/spi.c.obj
                0x200140b4                hdma_spi1_tx
 .bss.htim2     0x20014114       0x48 CMakeFiles/SPI_DMA.dir/Core/Src/tim.c.obj
                0x20014114                htim2
 .bss.huart1    0x2001415c       0x48 CMakeFiles/SPI_DMA.dir/Core/Src/usart.c.obj
                0x2001415c                huart1
 .bss.hdma_usart1_rx
                0x200141a4       0x60 CMakeFiles/SPI_DMA.dir/Core/Src/usart.c.obj
                0x200141a4                hdma_usart1_rx
 .bss.hdma_usart1_tx
                0x20014204       0x60 CMakeFiles/SPI_DMA.dir/Core/Src/usart.c.obj
                0x20014204                hdma_usart1_tx
 .bss.uwTick    0x20014264        0x4 CMakeFiles/SPI_DMA.dir/Drivers/STM32F4xx_HAL_Driver/Src/stm32f4xx_hal.c.obj
                0x20014264                uwTick
 *(COMMON)
                0x20014268                        . = ALIGN (0x4)
                0x20014268                        _ebss = .
                0x20014268                        __bss_end__ = _ebss

._user_heap_stack
                0x20014268      0x600
                0x20014268                        . = ALIGN (0x8)
                [!provide]                        PROVIDE (end = .)
                0x20014268                        PROVIDE (_end = .)
                0x20014468                        . = (. + _Min_Heap_Size)
 *fill*         0x20014268      0x200 
                0x20014868                        . = (. + _Min_Stack_Size)
 *fill*         0x20014468      0x400 
                0x20014868                        . = ALIGN (0x8)

/DISCARD/
 libc.a(*)
 libm.a(*)
 libgcc.a(*)

.ARM.attributes
                0x00000000       0x30
 *(.ARM.attributes)
 .ARM.attributes
                0x00000000       0x22 /usr/lib/gcc/arm-none-eabi/13.2.1/thumb/v7e-m+fp/hard/crti.o
 .ARM.attributes
                0x00000022       0x34 /usr/lib/gcc/arm-none-eabi/13.2.1/thumb/v7e-m+fp/hard/crtbegin.o
 .ARM.attributes
                0x00000056       0x34 CMakeFiles/SPI_DMA.dir/Core/LCD/LCD.cpp.obj
 .ARM.attributes
                0x0000008a       0x34 CMakeFiles/SPI_DMA.dir/Core/Own/IT.cpp.obj
 .ARM.attributes
                0x000000be       0x34 CMakeFiles/SPI_DMA.dir/Core/Own/main.cpp.obj
 .ARM.attributes
                0x000000f2       0x34 CMakeFiles/SPI_DMA.dir/Core/Src/dma.c.obj
 .ARM.attributes
                0x00000126       0x34 CMakeFiles/SPI_DMA.dir/Core/Src/gpio.c.obj
 .ARM.attributes
                0x0000015a       0x34 CMakeFiles/SPI_DMA.dir/Core/Src/spi.c.obj
 .ARM.attributes
                0x0000018e       0x34 CMakeFiles/SPI_DMA.dir/Core/Src/stm32f4xx_hal_msp.c.obj
 .ARM.attributes
                0x000001c2       0x34 CMakeFiles/SPI_DMA.dir/Core/Src/stm32f4xx_it.c.obj
 .ARM.attributes
                0x000001f6       0x34 CMakeFiles/SPI_DMA.dir/Core/Src/system_stm32f4xx.c.obj
 .ARM.attributes
                0x0000022a       0x34 CMakeFiles/SPI_DMA.dir/Core/Src/tim.c.obj
 .ARM.attributes
                0x0000025e       0x34 CMakeFiles/SPI_DMA.dir/Core/Src/usart.c.obj
 .ARM.attributes
                0x00000292       0x34 CMakeFiles/SPI_DMA.dir/Drivers/STM32F4xx_HAL_Driver/Src/stm32f4xx_hal_spi.c.obj
 .ARM.attributes
                0x000002c6       0x34 CMakeFiles/SPI_DMA.dir/Drivers/STM32F4xx_HAL_Driver/Src/stm32f4xx_hal_rcc.c.obj
 .ARM.attributes
                0x000002fa       0x34 CMakeFiles/SPI_DMA.dir/Drivers/STM32F4xx_HAL_Driver/Src/stm32f4xx_hal_gpio.c.obj
 .ARM.attributes
                0x0000032e       0x34 CMakeFiles/SPI_DMA.dir/Drivers/STM32F4xx_HAL_Driver/Src/stm32f4xx_hal_dma.c.obj
 .ARM.attributes
                0x00000362       0x34 CMakeFiles/SPI_DMA.dir/Drivers/STM32F4xx_HAL_Driver/Src/stm32f4xx_hal_cortex.c.obj
 .ARM.attributes
                0x00000396       0x34 CMakeFiles/SPI_DMA.dir/Drivers/STM32F4xx_HAL_Driver/Src/stm32f4xx_hal.c.obj
 .ARM.attributes
                0x000003ca       0x34 CMakeFiles/SPI_DMA.dir/Drivers/STM32F4xx_HAL_Driver/Src/stm32f4xx_hal_tim.c.obj
 .ARM.attributes
                0x000003fe       0x34 CMakeFiles/SPI_DMA.dir/Drivers/STM32F4xx_HAL_Driver/Src/stm32f4xx_hal_tim_ex.c.obj
 .ARM.attributes
                0x00000432       0x34 CMakeFiles/SPI_DMA.dir/Drivers/STM32F4xx_HAL_Driver/Src/stm32f4xx_hal_uart.c.obj
 .ARM.attributes
                0x00000466       0x21 CMakeFiles/SPI_DMA.dir/startup_stm32f407xx.s.obj
 .ARM.attributes
                0x00000487       0x34 /usr/lib/gcc/arm-none-eabi/13.2.1/../../../arm-none-eabi/lib/thumb/v7e-m+fp/hard/libc_nano.a(libc_a-init.o)
 .ARM.attributes
                0x000004bb       0x34 /usr/lib/gcc/arm-none-eabi/13.2.1/../../../arm-none-eabi/lib/thumb/v7e-m+fp/hard/libc_nano.a(libc_a-memset.o)
 .ARM.attributes
                0x000004ef       0x22 /usr/lib/gcc/arm-none-eabi/13.2.1/thumb/v7e-m+fp/hard/libgcc.a(_aeabi_uldivmod.o)
 .ARM.attributes
                0x00000511       0x34 /usr/lib/gcc/arm-none-eabi/13.2.1/thumb/v7e-m+fp/hard/libgcc.a(_udivmoddi4.o)
 .ARM.attributes
                0x00000545       0x22 /usr/lib/gcc/arm-none-eabi/13.2.1/thumb/v7e-m+fp/hard/libgcc.a(_dvmd_tls.o)
 .ARM.attributes
                0x00000567       0x34 /usr/lib/gcc/arm-none-eabi/13.2.1/thumb/v7e-m+fp/hard/crtend.o
 .ARM.attributes
                0x0000059b       0x22 /usr/lib/gcc/arm-none-eabi/13.2.1/thumb/v7e-m+fp/hard/crtn.o
OUTPUT(SPI_DMA.elf elf32-littlearm)
LOAD linker stubs
LOAD /usr/lib/gcc/arm-none-eabi/13.2.1/../../../arm-none-eabi/lib/thumb/v7e-m+fp/hard/libc.a
LOAD /usr/lib/gcc/arm-none-eabi/13.2.1/../../../arm-none-eabi/lib/thumb/v7e-m+fp/hard/libm.a
LOAD /usr/lib/gcc/arm-none-eabi/13.2.1/thumb/v7e-m+fp/hard/libgcc.a

.comment        0x00000000       0x26
 .comment       0x00000000       0x26 /usr/lib/gcc/arm-none-eabi/13.2.1/thumb/v7e-m+fp/hard/crtbegin.o
                                 0x27 (size before relaxing)
 .comment       0x00000026       0x27 CMakeFiles/SPI_DMA.dir/Core/LCD/LCD.cpp.obj
 .comment       0x00000026       0x27 CMakeFiles/SPI_DMA.dir/Core/Own/IT.cpp.obj
 .comment       0x00000026       0x27 CMakeFiles/SPI_DMA.dir/Core/Own/main.cpp.obj
 .comment       0x00000026       0x27 CMakeFiles/SPI_DMA.dir/Core/Src/dma.c.obj
 .comment       0x00000026       0x27 CMakeFiles/SPI_DMA.dir/Core/Src/gpio.c.obj
 .comment       0x00000026       0x27 CMakeFiles/SPI_DMA.dir/Core/Src/spi.c.obj
 .comment       0x00000026       0x27 CMakeFiles/SPI_DMA.dir/Core/Src/stm32f4xx_hal_msp.c.obj
 .comment       0x00000026       0x27 CMakeFiles/SPI_DMA.dir/Core/Src/stm32f4xx_it.c.obj
 .comment       0x00000026       0x27 CMakeFiles/SPI_DMA.dir/Core/Src/system_stm32f4xx.c.obj
 .comment       0x00000026       0x27 CMakeFiles/SPI_DMA.dir/Core/Src/tim.c.obj
 .comment       0x00000026       0x27 CMakeFiles/SPI_DMA.dir/Core/Src/usart.c.obj
 .comment       0x00000026       0x27 CMakeFiles/SPI_DMA.dir/Drivers/STM32F4xx_HAL_Driver/Src/stm32f4xx_hal_spi.c.obj
 .comment       0x00000026       0x27 CMakeFiles/SPI_DMA.dir/Drivers/STM32F4xx_HAL_Driver/Src/stm32f4xx_hal_rcc.c.obj
 .comment       0x00000026       0x27 CMakeFiles/SPI_DMA.dir/Drivers/STM32F4xx_HAL_Driver/Src/stm32f4xx_hal_gpio.c.obj
 .comment       0x00000026       0x27 CMakeFiles/SPI_DMA.dir/Drivers/STM32F4xx_HAL_Driver/Src/stm32f4xx_hal_dma.c.obj
 .comment       0x00000026       0x27 CMakeFiles/SPI_DMA.dir/Drivers/STM32F4xx_HAL_Driver/Src/stm32f4xx_hal_cortex.c.obj
 .comment       0x00000026       0x27 CMakeFiles/SPI_DMA.dir/Drivers/STM32F4xx_HAL_Driver/Src/stm32f4xx_hal.c.obj
 .comment       0x00000026       0x27 CMakeFiles/SPI_DMA.dir/Drivers/STM32F4xx_HAL_Driver/Src/stm32f4xx_hal_tim.c.obj
 .comment       0x00000026       0x27 CMakeFiles/SPI_DMA.dir/Drivers/STM32F4xx_HAL_Driver/Src/stm32f4xx_hal_tim_ex.c.obj
 .comment       0x00000026       0x27 CMakeFiles/SPI_DMA.dir/Drivers/STM32F4xx_HAL_Driver/Src/stm32f4xx_hal_uart.c.obj
 .comment       0x00000026       0x27 /usr/lib/gcc/arm-none-eabi/13.2.1/../../../arm-none-eabi/lib/thumb/v7e-m+fp/hard/libc_nano.a(libc_a-init.o)
 .comment       0x00000026       0x27 /usr/lib/gcc/arm-none-eabi/13.2.1/../../../arm-none-eabi/lib/thumb/v7e-m+fp/hard/libc_nano.a(libc_a-memset.o)
 .comment       0x00000026       0x27 /usr/lib/gcc/arm-none-eabi/13.2.1/thumb/v7e-m+fp/hard/libgcc.a(_udivmoddi4.o)
 .comment       0x00000026       0x27 /usr/lib/gcc/arm-none-eabi/13.2.1/thumb/v7e-m+fp/hard/crtend.o

.debug_info     0x00000000    0x14775
 .debug_info    0x00000000     0x2094 CMakeFiles/SPI_DMA.dir/Core/LCD/LCD.cpp.obj
 .debug_info    0x00002094      0xf9d CMakeFiles/SPI_DMA.dir/Core/Own/IT.cpp.obj
 .debug_info    0x00003031     0x1c32 CMakeFiles/SPI_DMA.dir/Core/Own/main.cpp.obj
 .debug_info    0x00004c63      0x4a1 CMakeFiles/SPI_DMA.dir/Core/Src/dma.c.obj
 .debug_info    0x00005104      0x3d5 CMakeFiles/SPI_DMA.dir/Core/Src/gpio.c.obj
 .debug_info    0x000054d9      0xbcc CMakeFiles/SPI_DMA.dir/Core/Src/spi.c.obj
 .debug_info    0x000060a5      0x25d CMakeFiles/SPI_DMA.dir/Core/Src/stm32f4xx_hal_msp.c.obj
 .debug_info    0x00006302      0xc73 CMakeFiles/SPI_DMA.dir/Core/Src/stm32f4xx_it.c.obj
 .debug_info    0x00006f75      0x4f8 CMakeFiles/SPI_DMA.dir/Core/Src/system_stm32f4xx.c.obj
 .debug_info    0x0000746d      0xbf7 CMakeFiles/SPI_DMA.dir/Core/Src/tim.c.obj
 .debug_info    0x00008064      0xbb4 CMakeFiles/SPI_DMA.dir/Core/Src/usart.c.obj
 .debug_info    0x00008c18     0x15d7 CMakeFiles/SPI_DMA.dir/Drivers/STM32F4xx_HAL_Driver/Src/stm32f4xx_hal_spi.c.obj
 .debug_info    0x0000a1ef      0x881 CMakeFiles/SPI_DMA.dir/Drivers/STM32F4xx_HAL_Driver/Src/stm32f4xx_hal_rcc.c.obj
 .debug_info    0x0000aa70      0x69f CMakeFiles/SPI_DMA.dir/Drivers/STM32F4xx_HAL_Driver/Src/stm32f4xx_hal_gpio.c.obj
 .debug_info    0x0000b10f      0x8cf CMakeFiles/SPI_DMA.dir/Drivers/STM32F4xx_HAL_Driver/Src/stm32f4xx_hal_dma.c.obj
 .debug_info    0x0000b9de      0xd33 CMakeFiles/SPI_DMA.dir/Drivers/STM32F4xx_HAL_Driver/Src/stm32f4xx_hal_cortex.c.obj
 .debug_info    0x0000c711      0x938 CMakeFiles/SPI_DMA.dir/Drivers/STM32F4xx_HAL_Driver/Src/stm32f4xx_hal.c.obj
 .debug_info    0x0000d049     0x2985 CMakeFiles/SPI_DMA.dir/Drivers/STM32F4xx_HAL_Driver/Src/stm32f4xx_hal_tim.c.obj
 .debug_info    0x0000f9ce     0x14c3 CMakeFiles/SPI_DMA.dir/Drivers/STM32F4xx_HAL_Driver/Src/stm32f4xx_hal_tim_ex.c.obj
 .debug_info    0x00010e91     0x2f1f CMakeFiles/SPI_DMA.dir/Drivers/STM32F4xx_HAL_Driver/Src/stm32f4xx_hal_uart.c.obj
 .debug_info    0x00013db0       0x30 CMakeFiles/SPI_DMA.dir/startup_stm32f407xx.s.obj
 .debug_info    0x00013de0      0x10b /usr/lib/gcc/arm-none-eabi/13.2.1/../../../arm-none-eabi/lib/thumb/v7e-m+fp/hard/libc_nano.a(libc_a-init.o)
 .debug_info    0x00013eeb      0x135 /usr/lib/gcc/arm-none-eabi/13.2.1/../../../arm-none-eabi/lib/thumb/v7e-m+fp/hard/libc_nano.a(libc_a-memset.o)
 .debug_info    0x00014020       0x24 /usr/lib/gcc/arm-none-eabi/13.2.1/thumb/v7e-m+fp/hard/libgcc.a(_aeabi_uldivmod.o)
 .debug_info    0x00014044      0x6f5 /usr/lib/gcc/arm-none-eabi/13.2.1/thumb/v7e-m+fp/hard/libgcc.a(_udivmoddi4.o)
 .debug_info    0x00014739       0x3c /usr/lib/gcc/arm-none-eabi/13.2.1/thumb/v7e-m+fp/hard/libgcc.a(_dvmd_tls.o)

.debug_abbrev   0x00000000     0x2f7b
 .debug_abbrev  0x00000000      0x392 CMakeFiles/SPI_DMA.dir/Core/LCD/LCD.cpp.obj
 .debug_abbrev  0x00000392      0x1e9 CMakeFiles/SPI_DMA.dir/Core/Own/IT.cpp.obj
 .debug_abbrev  0x0000057b      0x39c CMakeFiles/SPI_DMA.dir/Core/Own/main.cpp.obj
 .debug_abbrev  0x00000917      0x10e CMakeFiles/SPI_DMA.dir/Core/Src/dma.c.obj
 .debug_abbrev  0x00000a25      0x152 CMakeFiles/SPI_DMA.dir/Core/Src/gpio.c.obj
 .debug_abbrev  0x00000b77      0x226 CMakeFiles/SPI_DMA.dir/Core/Src/spi.c.obj
 .debug_abbrev  0x00000d9d       0xd8 CMakeFiles/SPI_DMA.dir/Core/Src/stm32f4xx_hal_msp.c.obj
 .debug_abbrev  0x00000e75      0x1c7 CMakeFiles/SPI_DMA.dir/Core/Src/stm32f4xx_it.c.obj
 .debug_abbrev  0x0000103c      0x11b CMakeFiles/SPI_DMA.dir/Core/Src/system_stm32f4xx.c.obj
 .debug_abbrev  0x00001157      0x1f7 CMakeFiles/SPI_DMA.dir/Core/Src/tim.c.obj
 .debug_abbrev  0x0000134e      0x22e CMakeFiles/SPI_DMA.dir/Core/Src/usart.c.obj
 .debug_abbrev  0x0000157c      0x284 CMakeFiles/SPI_DMA.dir/Drivers/STM32F4xx_HAL_Driver/Src/stm32f4xx_hal_spi.c.obj
 .debug_abbrev  0x00001800      0x2b6 CMakeFiles/SPI_DMA.dir/Drivers/STM32F4xx_HAL_Driver/Src/stm32f4xx_hal_rcc.c.obj
 .debug_abbrev  0x00001ab6      0x1d4 CMakeFiles/SPI_DMA.dir/Drivers/STM32F4xx_HAL_Driver/Src/stm32f4xx_hal_gpio.c.obj
 .debug_abbrev  0x00001c8a      0x264 CMakeFiles/SPI_DMA.dir/Drivers/STM32F4xx_HAL_Driver/Src/stm32f4xx_hal_dma.c.obj
 .debug_abbrev  0x00001eee      0x328 CMakeFiles/SPI_DMA.dir/Drivers/STM32F4xx_HAL_Driver/Src/stm32f4xx_hal_cortex.c.obj
 .debug_abbrev  0x00002216      0x214 CMakeFiles/SPI_DMA.dir/Drivers/STM32F4xx_HAL_Driver/Src/stm32f4xx_hal.c.obj
 .debug_abbrev  0x0000242a      0x278 CMakeFiles/SPI_DMA.dir/Drivers/STM32F4xx_HAL_Driver/Src/stm32f4xx_hal_tim.c.obj
 .debug_abbrev  0x000026a2      0x283 CMakeFiles/SPI_DMA.dir/Drivers/STM32F4xx_HAL_Driver/Src/stm32f4xx_hal_tim_ex.c.obj
 .debug_abbrev  0x00002925      0x30e CMakeFiles/SPI_DMA.dir/Drivers/STM32F4xx_HAL_Driver/Src/stm32f4xx_hal_uart.c.obj
 .debug_abbrev  0x00002c33       0x24 CMakeFiles/SPI_DMA.dir/startup_stm32f407xx.s.obj
 .debug_abbrev  0x00002c57       0xc9 /usr/lib/gcc/arm-none-eabi/13.2.1/../../../arm-none-eabi/lib/thumb/v7e-m+fp/hard/libc_nano.a(libc_a-init.o)
 .debug_abbrev  0x00002d20       0xb7 /usr/lib/gcc/arm-none-eabi/13.2.1/../../../arm-none-eabi/lib/thumb/v7e-m+fp/hard/libc_nano.a(libc_a-memset.o)
 .debug_abbrev  0x00002dd7       0x14 /usr/lib/gcc/arm-none-eabi/13.2.1/thumb/v7e-m+fp/hard/libgcc.a(_aeabi_uldivmod.o)
 .debug_abbrev  0x00002deb      0x16a /usr/lib/gcc/arm-none-eabi/13.2.1/thumb/v7e-m+fp/hard/libgcc.a(_udivmoddi4.o)
 .debug_abbrev  0x00002f55       0x26 /usr/lib/gcc/arm-none-eabi/13.2.1/thumb/v7e-m+fp/hard/libgcc.a(_dvmd_tls.o)

.debug_aranges  0x00000000     0x10a8
 .debug_aranges
                0x00000000      0x138 CMakeFiles/SPI_DMA.dir/Core/LCD/LCD.cpp.obj
 .debug_aranges
                0x00000138       0x30 CMakeFiles/SPI_DMA.dir/Core/Own/IT.cpp.obj
 .debug_aranges
                0x00000168       0x40 CMakeFiles/SPI_DMA.dir/Core/Own/main.cpp.obj
 .debug_aranges
                0x000001a8       0x20 CMakeFiles/SPI_DMA.dir/Core/Src/dma.c.obj
 .debug_aranges
                0x000001c8       0x20 CMakeFiles/SPI_DMA.dir/Core/Src/gpio.c.obj
 .debug_aranges
                0x000001e8       0x30 CMakeFiles/SPI_DMA.dir/Core/Src/spi.c.obj
 .debug_aranges
                0x00000218       0x20 CMakeFiles/SPI_DMA.dir/Core/Src/stm32f4xx_hal_msp.c.obj
 .debug_aranges
                0x00000238       0x90 CMakeFiles/SPI_DMA.dir/Core/Src/stm32f4xx_it.c.obj
 .debug_aranges
                0x000002c8       0x28 CMakeFiles/SPI_DMA.dir/Core/Src/system_stm32f4xx.c.obj
 .debug_aranges
                0x000002f0       0x30 CMakeFiles/SPI_DMA.dir/Core/Src/tim.c.obj
 .debug_aranges
                0x00000320       0x30 CMakeFiles/SPI_DMA.dir/Core/Src/usart.c.obj
 .debug_aranges
                0x00000350      0x1d0 CMakeFiles/SPI_DMA.dir/Drivers/STM32F4xx_HAL_Driver/Src/stm32f4xx_hal_spi.c.obj
 .debug_aranges
                0x00000520       0x88 CMakeFiles/SPI_DMA.dir/Drivers/STM32F4xx_HAL_Driver/Src/stm32f4xx_hal_rcc.c.obj
 .debug_aranges
                0x000005a8       0x58 CMakeFiles/SPI_DMA.dir/Drivers/STM32F4xx_HAL_Driver/Src/stm32f4xx_hal_gpio.c.obj
 .debug_aranges
                0x00000600       0x90 CMakeFiles/SPI_DMA.dir/Drivers/STM32F4xx_HAL_Driver/Src/stm32f4xx_hal_dma.c.obj
 .debug_aranges
                0x00000690      0x120 CMakeFiles/SPI_DMA.dir/Drivers/STM32F4xx_HAL_Driver/Src/stm32f4xx_hal_cortex.c.obj
 .debug_aranges
                0x000007b0       0xf0 CMakeFiles/SPI_DMA.dir/Drivers/STM32F4xx_HAL_Driver/Src/stm32f4xx_hal.c.obj
 .debug_aranges
                0x000008a0      0x3d0 CMakeFiles/SPI_DMA.dir/Drivers/STM32F4xx_HAL_Driver/Src/stm32f4xx_hal_tim.c.obj
 .debug_aranges
                0x00000c70      0x168 CMakeFiles/SPI_DMA.dir/Drivers/STM32F4xx_HAL_Driver/Src/stm32f4xx_hal_tim_ex.c.obj
 .debug_aranges
                0x00000dd8      0x208 CMakeFiles/SPI_DMA.dir/Drivers/STM32F4xx_HAL_Driver/Src/stm32f4xx_hal_uart.c.obj
 .debug_aranges
                0x00000fe0       0x28 CMakeFiles/SPI_DMA.dir/startup_stm32f407xx.s.obj
 .debug_aranges
                0x00001008       0x20 /usr/lib/gcc/arm-none-eabi/13.2.1/../../../arm-none-eabi/lib/thumb/v7e-m+fp/hard/libc_nano.a(libc_a-init.o)
 .debug_aranges
                0x00001028       0x20 /usr/lib/gcc/arm-none-eabi/13.2.1/../../../arm-none-eabi/lib/thumb/v7e-m+fp/hard/libc_nano.a(libc_a-memset.o)
 .debug_aranges
                0x00001048       0x20 /usr/lib/gcc/arm-none-eabi/13.2.1/thumb/v7e-m+fp/hard/libgcc.a(_aeabi_uldivmod.o)
 .debug_aranges
                0x00001068       0x20 /usr/lib/gcc/arm-none-eabi/13.2.1/thumb/v7e-m+fp/hard/libgcc.a(_udivmoddi4.o)
 .debug_aranges
                0x00001088       0x20 /usr/lib/gcc/arm-none-eabi/13.2.1/thumb/v7e-m+fp/hard/libgcc.a(_dvmd_tls.o)

.debug_rnglists
                0x00000000      0xcf9
 .debug_rnglists
                0x00000000       0xf3 CMakeFiles/SPI_DMA.dir/Core/LCD/LCD.cpp.obj
 .debug_rnglists
                0x000000f3       0x1f CMakeFiles/SPI_DMA.dir/Core/Own/IT.cpp.obj
 .debug_rnglists
                0x00000112       0x2d CMakeFiles/SPI_DMA.dir/Core/Own/main.cpp.obj
 .debug_rnglists
                0x0000013f       0x13 CMakeFiles/SPI_DMA.dir/Core/Src/dma.c.obj
 .debug_rnglists
                0x00000152       0x14 CMakeFiles/SPI_DMA.dir/Core/Src/gpio.c.obj
 .debug_rnglists
                0x00000166       0x20 CMakeFiles/SPI_DMA.dir/Core/Src/spi.c.obj
 .debug_rnglists
                0x00000186       0x13 CMakeFiles/SPI_DMA.dir/Core/Src/stm32f4xx_hal_msp.c.obj
 .debug_rnglists
                0x00000199       0x67 CMakeFiles/SPI_DMA.dir/Core/Src/stm32f4xx_it.c.obj
 .debug_rnglists
                0x00000200       0x1a CMakeFiles/SPI_DMA.dir/Core/Src/system_stm32f4xx.c.obj
 .debug_rnglists
                0x0000021a       0x20 CMakeFiles/SPI_DMA.dir/Core/Src/tim.c.obj
 .debug_rnglists
                0x0000023a       0x20 CMakeFiles/SPI_DMA.dir/Core/Src/usart.c.obj
 .debug_rnglists
                0x0000025a      0x16f CMakeFiles/SPI_DMA.dir/Drivers/STM32F4xx_HAL_Driver/Src/stm32f4xx_hal_spi.c.obj
 .debug_rnglists
                0x000003c9       0x66 CMakeFiles/SPI_DMA.dir/Drivers/STM32F4xx_HAL_Driver/Src/stm32f4xx_hal_rcc.c.obj
 .debug_rnglists
                0x0000042f       0x3f CMakeFiles/SPI_DMA.dir/Drivers/STM32F4xx_HAL_Driver/Src/stm32f4xx_hal_gpio.c.obj
 .debug_rnglists
                0x0000046e       0x70 CMakeFiles/SPI_DMA.dir/Drivers/STM32F4xx_HAL_Driver/Src/stm32f4xx_hal_dma.c.obj
 .debug_rnglists
                0x000004de       0xd4 CMakeFiles/SPI_DMA.dir/Drivers/STM32F4xx_HAL_Driver/Src/stm32f4xx_hal_cortex.c.obj
 .debug_rnglists
                0x000005b2       0xaf CMakeFiles/SPI_DMA.dir/Drivers/STM32F4xx_HAL_Driver/Src/stm32f4xx_hal.c.obj
 .debug_rnglists
                0x00000661      0x31a CMakeFiles/SPI_DMA.dir/Drivers/STM32F4xx_HAL_Driver/Src/stm32f4xx_hal_tim.c.obj
 .debug_rnglists
                0x0000097b      0x125 CMakeFiles/SPI_DMA.dir/Drivers/STM32F4xx_HAL_Driver/Src/stm32f4xx_hal_tim_ex.c.obj
 .debug_rnglists
                0x00000aa0      0x1bc CMakeFiles/SPI_DMA.dir/Drivers/STM32F4xx_HAL_Driver/Src/stm32f4xx_hal_uart.c.obj
 .debug_rnglists
                0x00000c5c       0x19 CMakeFiles/SPI_DMA.dir/startup_stm32f407xx.s.obj
 .debug_rnglists
                0x00000c75       0x84 /usr/lib/gcc/arm-none-eabi/13.2.1/thumb/v7e-m+fp/hard/libgcc.a(_udivmoddi4.o)

.debug_macro    0x00000000    0x22c09
 .debug_macro   0x00000000      0x1ca CMakeFiles/SPI_DMA.dir/Core/LCD/LCD.cpp.obj
 .debug_macro   0x000001ca       0x9a CMakeFiles/SPI_DMA.dir/Core/LCD/LCD.cpp.obj
 .debug_macro   0x00000264      0x2a1 CMakeFiles/SPI_DMA.dir/Core/LCD/LCD.cpp.obj
 .debug_macro   0x00000505       0x2e CMakeFiles/SPI_DMA.dir/Core/LCD/LCD.cpp.obj
 .debug_macro   0x00000533       0x2f CMakeFiles/SPI_DMA.dir/Core/LCD/LCD.cpp.obj
 .debug_macro   0x00000562      0x34e CMakeFiles/SPI_DMA.dir/Core/LCD/LCD.cpp.obj
 .debug_macro   0x000008b0       0x1c CMakeFiles/SPI_DMA.dir/Core/LCD/LCD.cpp.obj
 .debug_macro   0x000008cc       0x22 CMakeFiles/SPI_DMA.dir/Core/LCD/LCD.cpp.obj
 .debug_macro   0x000008ee       0xfb CMakeFiles/SPI_DMA.dir/Core/LCD/LCD.cpp.obj
 .debug_macro   0x000009e9     0x1011 CMakeFiles/SPI_DMA.dir/Core/LCD/LCD.cpp.obj
 .debug_macro   0x000019fa      0x11f CMakeFiles/SPI_DMA.dir/Core/LCD/LCD.cpp.obj
 .debug_macro   0x00001b19    0x15e97 CMakeFiles/SPI_DMA.dir/Core/LCD/LCD.cpp.obj
 .debug_macro   0x000179b0       0x6d CMakeFiles/SPI_DMA.dir/Core/LCD/LCD.cpp.obj
 .debug_macro   0x00017a1d     0x368c CMakeFiles/SPI_DMA.dir/Core/LCD/LCD.cpp.obj
 .debug_macro   0x0001b0a9      0x197 CMakeFiles/SPI_DMA.dir/Core/LCD/LCD.cpp.obj
 .debug_macro   0x0001b240       0x5c CMakeFiles/SPI_DMA.dir/Core/LCD/LCD.cpp.obj
 .debug_macro   0x0001b29c      0x980 CMakeFiles/SPI_DMA.dir/Core/LCD/LCD.cpp.obj
 .debug_macro   0x0001bc1c      0x9e9 CMakeFiles/SPI_DMA.dir/Core/LCD/LCD.cpp.obj
 .debug_macro   0x0001c605      0x115 CMakeFiles/SPI_DMA.dir/Core/LCD/LCD.cpp.obj
 .debug_macro   0x0001c71a      0x13e CMakeFiles/SPI_DMA.dir/Core/LCD/LCD.cpp.obj
 .debug_macro   0x0001c858       0xa5 CMakeFiles/SPI_DMA.dir/Core/LCD/LCD.cpp.obj
 .debug_macro   0x0001c8fd      0x174 CMakeFiles/SPI_DMA.dir/Core/LCD/LCD.cpp.obj
 .debug_macro   0x0001ca71      0x287 CMakeFiles/SPI_DMA.dir/Core/LCD/LCD.cpp.obj
 .debug_macro   0x0001ccf8       0x5f CMakeFiles/SPI_DMA.dir/Core/LCD/LCD.cpp.obj
 .debug_macro   0x0001cd57      0x236 CMakeFiles/SPI_DMA.dir/Core/LCD/LCD.cpp.obj
 .debug_macro   0x0001cf8d      0x12c CMakeFiles/SPI_DMA.dir/Core/LCD/LCD.cpp.obj
 .debug_macro   0x0001d0b9      0x21e CMakeFiles/SPI_DMA.dir/Core/LCD/LCD.cpp.obj
 .debug_macro   0x0001d2d7       0x2e CMakeFiles/SPI_DMA.dir/Core/LCD/LCD.cpp.obj
 .debug_macro   0x0001d305      0x127 CMakeFiles/SPI_DMA.dir/Core/LCD/LCD.cpp.obj
 .debug_macro   0x0001d42c       0x7e CMakeFiles/SPI_DMA.dir/Core/LCD/LCD.cpp.obj
 .debug_macro   0x0001d4aa       0x89 CMakeFiles/SPI_DMA.dir/Core/LCD/LCD.cpp.obj
 .debug_macro   0x0001d533      0x225 CMakeFiles/SPI_DMA.dir/Core/LCD/LCD.cpp.obj
 .debug_macro   0x0001d758      0x8ed CMakeFiles/SPI_DMA.dir/Core/LCD/LCD.cpp.obj
 .debug_macro   0x0001e045       0x4d CMakeFiles/SPI_DMA.dir/Core/LCD/LCD.cpp.obj
 .debug_macro   0x0001e092      0x2aa CMakeFiles/SPI_DMA.dir/Core/LCD/LCD.cpp.obj
 .debug_macro   0x0001e33c      0x12d CMakeFiles/SPI_DMA.dir/Core/LCD/LCD.cpp.obj
 .debug_macro   0x0001e469      0x306 CMakeFiles/SPI_DMA.dir/Core/Own/IT.cpp.obj
 .debug_macro   0x0001e76f       0x22 CMakeFiles/SPI_DMA.dir/Core/Own/IT.cpp.obj
 .debug_macro   0x0001e791       0x60 CMakeFiles/SPI_DMA.dir/Core/Own/IT.cpp.obj
 .debug_macro   0x0001e7f1       0x2a CMakeFiles/SPI_DMA.dir/Core/Own/IT.cpp.obj
 .debug_macro   0x0001e81b       0x94 CMakeFiles/SPI_DMA.dir/Core/Own/IT.cpp.obj
 .debug_macro   0x0001e8af       0x3c CMakeFiles/SPI_DMA.dir/Core/Own/IT.cpp.obj
 .debug_macro   0x0001e8eb       0x34 CMakeFiles/SPI_DMA.dir/Core/Own/IT.cpp.obj
 .debug_macro   0x0001e91f       0x16 CMakeFiles/SPI_DMA.dir/Core/Own/IT.cpp.obj
 .debug_macro   0x0001e935       0x57 CMakeFiles/SPI_DMA.dir/Core/Own/IT.cpp.obj
 .debug_macro   0x0001e98c       0x3c CMakeFiles/SPI_DMA.dir/Core/Own/IT.cpp.obj
 .debug_macro   0x0001e9c8      0x38c CMakeFiles/SPI_DMA.dir/Core/Own/IT.cpp.obj
 .debug_macro   0x0001ed54       0x10 CMakeFiles/SPI_DMA.dir/Core/Own/IT.cpp.obj
 .debug_macro   0x0001ed64       0x16 CMakeFiles/SPI_DMA.dir/Core/Own/IT.cpp.obj
 .debug_macro   0x0001ed7a       0x4a CMakeFiles/SPI_DMA.dir/Core/Own/IT.cpp.obj
 .debug_macro   0x0001edc4       0x34 CMakeFiles/SPI_DMA.dir/Core/Own/IT.cpp.obj
 .debug_macro   0x0001edf8       0x10 CMakeFiles/SPI_DMA.dir/Core/Own/IT.cpp.obj
 .debug_macro   0x0001ee08       0x52 CMakeFiles/SPI_DMA.dir/Core/Own/IT.cpp.obj
 .debug_macro   0x0001ee5a      0x1de CMakeFiles/SPI_DMA.dir/Core/Own/IT.cpp.obj
 .debug_macro   0x0001f038       0x16 CMakeFiles/SPI_DMA.dir/Core/Own/IT.cpp.obj
 .debug_macro   0x0001f04e       0x16 CMakeFiles/SPI_DMA.dir/Core/Own/IT.cpp.obj
 .debug_macro   0x0001f064      0x138 CMakeFiles/SPI_DMA.dir/Core/Own/IT.cpp.obj
 .debug_macro   0x0001f19c       0x4c CMakeFiles/SPI_DMA.dir/Core/Own/IT.cpp.obj
 .debug_macro   0x0001f1e8       0x16 CMakeFiles/SPI_DMA.dir/Core/Own/IT.cpp.obj
 .debug_macro   0x0001f1fe      0x1f0 CMakeFiles/SPI_DMA.dir/Core/Own/main.cpp.obj
 .debug_macro   0x0001f3ee      0x1a3 CMakeFiles/SPI_DMA.dir/Core/Src/dma.c.obj
 .debug_macro   0x0001f591      0xad8 CMakeFiles/SPI_DMA.dir/Core/Src/dma.c.obj
 .debug_macro   0x00020069     0x1011 CMakeFiles/SPI_DMA.dir/Core/Src/dma.c.obj
 .debug_macro   0x0002107a      0x190 CMakeFiles/SPI_DMA.dir/Core/Src/dma.c.obj
 .debug_macro   0x0002120a      0x1a3 CMakeFiles/SPI_DMA.dir/Core/Src/gpio.c.obj
 .debug_macro   0x000213ad      0x1a3 CMakeFiles/SPI_DMA.dir/Core/Src/spi.c.obj
 .debug_macro   0x00021550      0x199 CMakeFiles/SPI_DMA.dir/Core/Src/stm32f4xx_hal_msp.c.obj
 .debug_macro   0x000216e9      0x1a3 CMakeFiles/SPI_DMA.dir/Core/Src/stm32f4xx_it.c.obj
 .debug_macro   0x0002188c      0x18f CMakeFiles/SPI_DMA.dir/Core/Src/system_stm32f4xx.c.obj
 .debug_macro   0x00021a1b      0x1a3 CMakeFiles/SPI_DMA.dir/Core/Src/tim.c.obj
 .debug_macro   0x00021bbe      0x1a3 CMakeFiles/SPI_DMA.dir/Core/Src/usart.c.obj
 .debug_macro   0x00021d61      0x19e CMakeFiles/SPI_DMA.dir/Drivers/STM32F4xx_HAL_Driver/Src/stm32f4xx_hal_spi.c.obj
 .debug_macro   0x00021eff      0x1b3 CMakeFiles/SPI_DMA.dir/Drivers/STM32F4xx_HAL_Driver/Src/stm32f4xx_hal_rcc.c.obj
 .debug_macro   0x000220b2      0x195 CMakeFiles/SPI_DMA.dir/Drivers/STM32F4xx_HAL_Driver/Src/stm32f4xx_hal_gpio.c.obj
 .debug_macro   0x00022247      0x195 CMakeFiles/SPI_DMA.dir/Drivers/STM32F4xx_HAL_Driver/Src/stm32f4xx_hal_dma.c.obj
 .debug_macro   0x000223dc      0x18f CMakeFiles/SPI_DMA.dir/Drivers/STM32F4xx_HAL_Driver/Src/stm32f4xx_hal_cortex.c.obj
 .debug_macro   0x0002256b      0x1ef CMakeFiles/SPI_DMA.dir/Drivers/STM32F4xx_HAL_Driver/Src/stm32f4xx_hal.c.obj
 .debug_macro   0x0002275a      0x190 CMakeFiles/SPI_DMA.dir/Drivers/STM32F4xx_HAL_Driver/Src/stm32f4xx_hal_tim.c.obj
 .debug_macro   0x000228ea      0x18f CMakeFiles/SPI_DMA.dir/Drivers/STM32F4xx_HAL_Driver/Src/stm32f4xx_hal_tim_ex.c.obj
 .debug_macro   0x00022a79      0x190 CMakeFiles/SPI_DMA.dir/Drivers/STM32F4xx_HAL_Driver/Src/stm32f4xx_hal_uart.c.obj

.debug_line     0x00000000    0x1136b
 .debug_line    0x00000000     0x11a4 CMakeFiles/SPI_DMA.dir/Core/LCD/LCD.cpp.obj
 .debug_line    0x000011a4      0x6dc CMakeFiles/SPI_DMA.dir/Core/Own/IT.cpp.obj
 .debug_line    0x00001880      0x678 CMakeFiles/SPI_DMA.dir/Core/Own/main.cpp.obj
 .debug_line    0x00001ef8      0x4fa CMakeFiles/SPI_DMA.dir/Core/Src/dma.c.obj
 .debug_line    0x000023f2      0x509 CMakeFiles/SPI_DMA.dir/Core/Src/gpio.c.obj
 .debug_line    0x000028fb      0x59e CMakeFiles/SPI_DMA.dir/Core/Src/spi.c.obj
 .debug_line    0x00002e99      0x4fa CMakeFiles/SPI_DMA.dir/Core/Src/stm32f4xx_hal_msp.c.obj
 .debug_line    0x00003393      0x639 CMakeFiles/SPI_DMA.dir/Core/Src/stm32f4xx_it.c.obj
 .debug_line    0x000039cc      0x57f CMakeFiles/SPI_DMA.dir/Core/Src/system_stm32f4xx.c.obj
 .debug_line    0x00003f4b      0x574 CMakeFiles/SPI_DMA.dir/Core/Src/tim.c.obj
 .debug_line    0x000044bf      0x5c1 CMakeFiles/SPI_DMA.dir/Core/Src/usart.c.obj
 .debug_line    0x00004a80     0x1ae6 CMakeFiles/SPI_DMA.dir/Drivers/STM32F4xx_HAL_Driver/Src/stm32f4xx_hal_spi.c.obj
 .debug_line    0x00006566      0xbe1 CMakeFiles/SPI_DMA.dir/Drivers/STM32F4xx_HAL_Driver/Src/stm32f4xx_hal_rcc.c.obj
 .debug_line    0x00007147      0x944 CMakeFiles/SPI_DMA.dir/Drivers/STM32F4xx_HAL_Driver/Src/stm32f4xx_hal_gpio.c.obj
 .debug_line    0x00007a8b      0xd58 CMakeFiles/SPI_DMA.dir/Drivers/STM32F4xx_HAL_Driver/Src/stm32f4xx_hal_dma.c.obj
 .debug_line    0x000087e3      0xa92 CMakeFiles/SPI_DMA.dir/Drivers/STM32F4xx_HAL_Driver/Src/stm32f4xx_hal_cortex.c.obj
 .debug_line    0x00009275      0x7ec CMakeFiles/SPI_DMA.dir/Drivers/STM32F4xx_HAL_Driver/Src/stm32f4xx_hal.c.obj
 .debug_line    0x00009a61     0x3569 CMakeFiles/SPI_DMA.dir/Drivers/STM32F4xx_HAL_Driver/Src/stm32f4xx_hal_tim.c.obj
 .debug_line    0x0000cfca     0x174c CMakeFiles/SPI_DMA.dir/Drivers/STM32F4xx_HAL_Driver/Src/stm32f4xx_hal_tim_ex.c.obj
 .debug_line    0x0000e716     0x22fb CMakeFiles/SPI_DMA.dir/Drivers/STM32F4xx_HAL_Driver/Src/stm32f4xx_hal_uart.c.obj
 .debug_line    0x00010a11       0x7a CMakeFiles/SPI_DMA.dir/startup_stm32f407xx.s.obj
 .debug_line    0x00010a8b      0x11e /usr/lib/gcc/arm-none-eabi/13.2.1/../../../arm-none-eabi/lib/thumb/v7e-m+fp/hard/libc_nano.a(libc_a-init.o)
 .debug_line    0x00010ba9      0x1b6 /usr/lib/gcc/arm-none-eabi/13.2.1/../../../arm-none-eabi/lib/thumb/v7e-m+fp/hard/libc_nano.a(libc_a-memset.o)
 .debug_line    0x00010d5f       0x4e /usr/lib/gcc/arm-none-eabi/13.2.1/thumb/v7e-m+fp/hard/libgcc.a(_aeabi_uldivmod.o)
 .debug_line    0x00010dad      0x574 /usr/lib/gcc/arm-none-eabi/13.2.1/thumb/v7e-m+fp/hard/libgcc.a(_udivmoddi4.o)
 .debug_line    0x00011321       0x4a /usr/lib/gcc/arm-none-eabi/13.2.1/thumb/v7e-m+fp/hard/libgcc.a(_dvmd_tls.o)

.debug_str      0x00000000    0xcddf6
 .debug_str     0x00000000    0xcddf6 CMakeFiles/SPI_DMA.dir/Core/LCD/LCD.cpp.obj
                              0xc6356 (size before relaxing)
 .debug_str     0x000cddf6    0xc96b2 CMakeFiles/SPI_DMA.dir/Core/Own/IT.cpp.obj
 .debug_str     0x000cddf6    0xc6b89 CMakeFiles/SPI_DMA.dir/Core/Own/main.cpp.obj
 .debug_str     0x000cddf6    0xc543f CMakeFiles/SPI_DMA.dir/Core/Src/dma.c.obj
 .debug_str     0x000cddf6    0xc4fe2 CMakeFiles/SPI_DMA.dir/Core/Src/gpio.c.obj
 .debug_str     0x000cddf6    0xc59c1 CMakeFiles/SPI_DMA.dir/Core/Src/spi.c.obj
 .debug_str     0x000cddf6    0xc4f22 CMakeFiles/SPI_DMA.dir/Core/Src/stm32f4xx_hal_msp.c.obj
 .debug_str     0x000cddf6    0xc587a CMakeFiles/SPI_DMA.dir/Core/Src/stm32f4xx_it.c.obj
 .debug_str     0x000cddf6    0xc4fc8 CMakeFiles/SPI_DMA.dir/Core/Src/system_stm32f4xx.c.obj
 .debug_str     0x000cddf6    0xc5af7 CMakeFiles/SPI_DMA.dir/Core/Src/tim.c.obj
 .debug_str     0x000cddf6    0xc5a03 CMakeFiles/SPI_DMA.dir/Core/Src/usart.c.obj
 .debug_str     0x000cddf6    0xc5881 CMakeFiles/SPI_DMA.dir/Drivers/STM32F4xx_HAL_Driver/Src/stm32f4xx_hal_spi.c.obj
 .debug_str     0x000cddf6    0xc53e6 CMakeFiles/SPI_DMA.dir/Drivers/STM32F4xx_HAL_Driver/Src/stm32f4xx_hal_rcc.c.obj
 .debug_str     0x000cddf6    0xc5138 CMakeFiles/SPI_DMA.dir/Drivers/STM32F4xx_HAL_Driver/Src/stm32f4xx_hal_gpio.c.obj
 .debug_str     0x000cddf6    0xc53e2 CMakeFiles/SPI_DMA.dir/Drivers/STM32F4xx_HAL_Driver/Src/stm32f4xx_hal_dma.c.obj
 .debug_str     0x000cddf6    0xc588c CMakeFiles/SPI_DMA.dir/Drivers/STM32F4xx_HAL_Driver/Src/stm32f4xx_hal_cortex.c.obj
 .debug_str     0x000cddf6    0xc5b56 CMakeFiles/SPI_DMA.dir/Drivers/STM32F4xx_HAL_Driver/Src/stm32f4xx_hal.c.obj
 .debug_str     0x000cddf6    0xc6351 CMakeFiles/SPI_DMA.dir/Drivers/STM32F4xx_HAL_Driver/Src/stm32f4xx_hal_tim.c.obj
 .debug_str     0x000cddf6    0xc5b5d CMakeFiles/SPI_DMA.dir/Drivers/STM32F4xx_HAL_Driver/Src/stm32f4xx_hal_tim_ex.c.obj
 .debug_str     0x000cddf6    0xc59c7 CMakeFiles/SPI_DMA.dir/Drivers/STM32F4xx_HAL_Driver/Src/stm32f4xx_hal_uart.c.obj
 .debug_str     0x000cddf6       0x82 CMakeFiles/SPI_DMA.dir/startup_stm32f407xx.s.obj
 .debug_str     0x000cddf6      0x1fa /usr/lib/gcc/arm-none-eabi/13.2.1/../../../arm-none-eabi/lib/thumb/v7e-m+fp/hard/libc_nano.a(libc_a-init.o)
 .debug_str     0x000cddf6      0x1ad /usr/lib/gcc/arm-none-eabi/13.2.1/../../../arm-none-eabi/lib/thumb/v7e-m+fp/hard/libc_nano.a(libc_a-memset.o)
 .debug_str     0x000cddf6       0xa3 /usr/lib/gcc/arm-none-eabi/13.2.1/thumb/v7e-m+fp/hard/libgcc.a(_aeabi_uldivmod.o)
 .debug_str     0x000cddf6      0x685 /usr/lib/gcc/arm-none-eabi/13.2.1/thumb/v7e-m+fp/hard/libgcc.a(_udivmoddi4.o)
 .debug_str     0x000cddf6       0xc3 /usr/lib/gcc/arm-none-eabi/13.2.1/thumb/v7e-m+fp/hard/libgcc.a(_dvmd_tls.o)

.debug_frame    0x00000000     0x427c
 .debug_frame   0x00000000      0x558 CMakeFiles/SPI_DMA.dir/Core/LCD/LCD.cpp.obj
 .debug_frame   0x00000558       0x88 CMakeFiles/SPI_DMA.dir/Core/Own/IT.cpp.obj
 .debug_frame   0x000005e0       0xac CMakeFiles/SPI_DMA.dir/Core/Own/main.cpp.obj
 .debug_frame   0x0000068c       0x34 CMakeFiles/SPI_DMA.dir/Core/Src/dma.c.obj
 .debug_frame   0x000006c0       0x34 CMakeFiles/SPI_DMA.dir/Core/Src/gpio.c.obj
 .debug_frame   0x000006f4       0x74 CMakeFiles/SPI_DMA.dir/Core/Src/spi.c.obj
 .debug_frame   0x00000768       0x38 CMakeFiles/SPI_DMA.dir/Core/Src/stm32f4xx_hal_msp.c.obj
 .debug_frame   0x000007a0      0x1ac CMakeFiles/SPI_DMA.dir/Core/Src/stm32f4xx_it.c.obj
 .debug_frame   0x0000094c       0x58 CMakeFiles/SPI_DMA.dir/Core/Src/system_stm32f4xx.c.obj
 .debug_frame   0x000009a4       0x7c CMakeFiles/SPI_DMA.dir/Core/Src/tim.c.obj
 .debug_frame   0x00000a20       0x74 CMakeFiles/SPI_DMA.dir/Core/Src/usart.c.obj
 .debug_frame   0x00000a94      0x828 CMakeFiles/SPI_DMA.dir/Drivers/STM32F4xx_HAL_Driver/Src/stm32f4xx_hal_spi.c.obj
 .debug_frame   0x000012bc      0x1f4 CMakeFiles/SPI_DMA.dir/Drivers/STM32F4xx_HAL_Driver/Src/stm32f4xx_hal_rcc.c.obj
 .debug_frame   0x000014b0      0x14c CMakeFiles/SPI_DMA.dir/Drivers/STM32F4xx_HAL_Driver/Src/stm32f4xx_hal_gpio.c.obj
 .debug_frame   0x000015fc      0x250 CMakeFiles/SPI_DMA.dir/Drivers/STM32F4xx_HAL_Driver/Src/stm32f4xx_hal_dma.c.obj
 .debug_frame   0x0000184c      0x4b8 CMakeFiles/SPI_DMA.dir/Drivers/STM32F4xx_HAL_Driver/Src/stm32f4xx_hal_cortex.c.obj
 .debug_frame   0x00001d04      0x374 CMakeFiles/SPI_DMA.dir/Drivers/STM32F4xx_HAL_Driver/Src/stm32f4xx_hal.c.obj
 .debug_frame   0x00002078     0x11c0 CMakeFiles/SPI_DMA.dir/Drivers/STM32F4xx_HAL_Driver/Src/stm32f4xx_hal_tim.c.obj
 .debug_frame   0x00003238      0x638 CMakeFiles/SPI_DMA.dir/Drivers/STM32F4xx_HAL_Driver/Src/stm32f4xx_hal_tim_ex.c.obj
 .debug_frame   0x00003870      0x954 CMakeFiles/SPI_DMA.dir/Drivers/STM32F4xx_HAL_Driver/Src/stm32f4xx_hal_uart.c.obj
 .debug_frame   0x000041c4       0x2c /usr/lib/gcc/arm-none-eabi/13.2.1/../../../arm-none-eabi/lib/thumb/v7e-m+fp/hard/libc_nano.a(libc_a-init.o)
 .debug_frame   0x000041f0       0x2c /usr/lib/gcc/arm-none-eabi/13.2.1/../../../arm-none-eabi/lib/thumb/v7e-m+fp/hard/libc_nano.a(libc_a-memset.o)
 .debug_frame   0x0000421c       0x2c /usr/lib/gcc/arm-none-eabi/13.2.1/thumb/v7e-m+fp/hard/libgcc.a(_aeabi_uldivmod.o)
 .debug_frame   0x00004248       0x34 /usr/lib/gcc/arm-none-eabi/13.2.1/thumb/v7e-m+fp/hard/libgcc.a(_udivmoddi4.o)

.debug_line_str
                0x00000000      0x10b
 .debug_line_str
                0x00000000      0x10b CMakeFiles/SPI_DMA.dir/startup_stm32f407xx.s.obj
                                 0x68 (size before relaxing)
 .debug_line_str
                0x0000010b       0x97 /usr/lib/gcc/arm-none-eabi/13.2.1/thumb/v7e-m+fp/hard/libgcc.a(_aeabi_uldivmod.o)
 .debug_line_str
                0x0000010b       0x9b /usr/lib/gcc/arm-none-eabi/13.2.1/thumb/v7e-m+fp/hard/libgcc.a(_dvmd_tls.o)

.debug_loclists
                0x00000000      0xc0b
 .debug_loclists
                0x00000000       0x65 /usr/lib/gcc/arm-none-eabi/13.2.1/../../../arm-none-eabi/lib/thumb/v7e-m+fp/hard/libc_nano.a(libc_a-init.o)
 .debug_loclists
                0x00000065      0x1c2 /usr/lib/gcc/arm-none-eabi/13.2.1/../../../arm-none-eabi/lib/thumb/v7e-m+fp/hard/libc_nano.a(libc_a-memset.o)
 .debug_loclists
                0x00000227      0x9e4 /usr/lib/gcc/arm-none-eabi/13.2.1/thumb/v7e-m+fp/hard/libgcc.a(_udivmoddi4.o)
